Component: Arm Compiler for Embedded 6.22 Tool: armlink [5ee90200]

==============================================================================

Section Cross References

    pll.o(.ARM.exidx.text.PLL_Init) refers to pll.o(.text.PLL_Init) for [Anonymous Symbol]
    systick.o(.ARM.exidx.text.SysTick_Init) refers to systick.o(.text.SysTick_Init) for [Anonymous Symbol]
    systick.o(.ARM.exidx.text.SysTick_Wait) refers to systick.o(.text.SysTick_Wait) for [Anonymous Symbol]
    systick.o(.text.SysTick_Wait10ms) refers to systick.o(.text.SysTick_Wait) for SysTick_Wait
    systick.o(.ARM.exidx.text.SysTick_Wait10ms) refers to systick.o(.text.SysTick_Wait10ms) for [Anonymous Symbol]
    vl53l1_platform_2dx4.o(.ARM.exidx.text.beginTxI2C) refers to vl53l1_platform_2dx4.o(.text.beginTxI2C) for [Anonymous Symbol]
    vl53l1_platform_2dx4.o(.ARM.exidx.text.beginRxI2C) refers to vl53l1_platform_2dx4.o(.text.beginRxI2C) for [Anonymous Symbol]
    vl53l1_platform_2dx4.o(.text.writeRegisterIndex) refers to onboardleds.o(.text.FlashI2CTx) for FlashI2CTx
    vl53l1_platform_2dx4.o(.text.writeRegisterIndex) refers to systick.o(.text.SysTick_Wait) for SysTick_Wait
    vl53l1_platform_2dx4.o(.text.writeRegisterIndex) refers to onboardleds.o(.text.FlashI2CError) for FlashI2CError
    vl53l1_platform_2dx4.o(.ARM.exidx.text.writeRegisterIndex) refers to vl53l1_platform_2dx4.o(.text.writeRegisterIndex) for [Anonymous Symbol]
    vl53l1_platform_2dx4.o(.text.writeRegisterIndex_nostop) refers to onboardleds.o(.text.FlashI2CTx) for FlashI2CTx
    vl53l1_platform_2dx4.o(.text.writeRegisterIndex_nostop) refers to systick.o(.text.SysTick_Wait) for SysTick_Wait
    vl53l1_platform_2dx4.o(.text.writeRegisterIndex_nostop) refers to onboardleds.o(.text.FlashI2CError) for FlashI2CError
    vl53l1_platform_2dx4.o(.ARM.exidx.text.writeRegisterIndex_nostop) refers to vl53l1_platform_2dx4.o(.text.writeRegisterIndex_nostop) for [Anonymous Symbol]
    vl53l1_platform_2dx4.o(.text.writeI2C) refers to onboardleds.o(.text.FlashI2CTx) for FlashI2CTx
    vl53l1_platform_2dx4.o(.text.writeI2C) refers to systick.o(.text.SysTick_Wait) for SysTick_Wait
    vl53l1_platform_2dx4.o(.text.writeI2C) refers to onboardleds.o(.text.FlashI2CError) for FlashI2CError
    vl53l1_platform_2dx4.o(.ARM.exidx.text.writeI2C) refers to vl53l1_platform_2dx4.o(.text.writeI2C) for [Anonymous Symbol]
    vl53l1_platform_2dx4.o(.text.readI2C) refers to onboardleds.o(.text.FlashI2CRx) for FlashI2CRx
    vl53l1_platform_2dx4.o(.text.readI2C) refers to systick.o(.text.SysTick_Wait) for SysTick_Wait
    vl53l1_platform_2dx4.o(.text.readI2C) refers to onboardleds.o(.text.FlashI2CError) for FlashI2CError
    vl53l1_platform_2dx4.o(.ARM.exidx.text.readI2C) refers to vl53l1_platform_2dx4.o(.text.readI2C) for [Anonymous Symbol]
    vl53l1_platform_2dx4.o(.text.VL53L1_WriteMulti) refers to vl53l1_platform_2dx4.o(.text.beginTxI2C) for beginTxI2C
    vl53l1_platform_2dx4.o(.text.VL53L1_WriteMulti) refers to vl53l1_platform_2dx4.o(.text.writeRegisterIndex) for writeRegisterIndex
    vl53l1_platform_2dx4.o(.text.VL53L1_WriteMulti) refers to vl53l1_platform_2dx4.o(.text.writeI2C) for writeI2C
    vl53l1_platform_2dx4.o(.ARM.exidx.text.VL53L1_WriteMulti) refers to vl53l1_platform_2dx4.o(.text.VL53L1_WriteMulti) for [Anonymous Symbol]
    vl53l1_platform_2dx4.o(.text.VL53L1_ReadMulti) refers to vl53l1_platform_2dx4.o(.text.beginTxI2C) for beginTxI2C
    vl53l1_platform_2dx4.o(.text.VL53L1_ReadMulti) refers to vl53l1_platform_2dx4.o(.text.writeRegisterIndex) for writeRegisterIndex
    vl53l1_platform_2dx4.o(.text.VL53L1_ReadMulti) refers to vl53l1_platform_2dx4.o(.text.beginRxI2C) for beginRxI2C
    vl53l1_platform_2dx4.o(.text.VL53L1_ReadMulti) refers to vl53l1_platform_2dx4.o(.text.readI2C) for readI2C
    vl53l1_platform_2dx4.o(.ARM.exidx.text.VL53L1_ReadMulti) refers to vl53l1_platform_2dx4.o(.text.VL53L1_ReadMulti) for [Anonymous Symbol]
    vl53l1_platform_2dx4.o(.text.VL53L1_WrByte) refers to vl53l1_platform_2dx4.o(.text.beginTxI2C) for beginTxI2C
    vl53l1_platform_2dx4.o(.text.VL53L1_WrByte) refers to vl53l1_platform_2dx4.o(.text.writeRegisterIndex_nostop) for writeRegisterIndex_nostop
    vl53l1_platform_2dx4.o(.text.VL53L1_WrByte) refers to vl53l1_platform_2dx4.o(.text.writeI2C) for writeI2C
    vl53l1_platform_2dx4.o(.ARM.exidx.text.VL53L1_WrByte) refers to vl53l1_platform_2dx4.o(.text.VL53L1_WrByte) for [Anonymous Symbol]
    vl53l1_platform_2dx4.o(.text.VL53L1_WrWord) refers to vl53l1_platform_2dx4.o(.text.beginTxI2C) for beginTxI2C
    vl53l1_platform_2dx4.o(.text.VL53L1_WrWord) refers to vl53l1_platform_2dx4.o(.text.writeRegisterIndex) for writeRegisterIndex
    vl53l1_platform_2dx4.o(.text.VL53L1_WrWord) refers to vl53l1_platform_2dx4.o(.text.writeI2C) for writeI2C
    vl53l1_platform_2dx4.o(.ARM.exidx.text.VL53L1_WrWord) refers to vl53l1_platform_2dx4.o(.text.VL53L1_WrWord) for [Anonymous Symbol]
[...]
    CL$$btod_mult_common                     0x00002d70   Section      580  btod.o(CL$$btod_mult_common)
    i.__ARM_fpclassify                       0x00002fb4   Section        0  fpclassify.o(i.__ARM_fpclassify)
    i.__hardfp_cos                           0x00002fe8   Section        0  cos.o(i.__hardfp_cos)
    i.__hardfp_sin                           0x000030b0   Section        0  sin.o(i.__hardfp_sin)
    i.__ieee754_rem_pio2                     0x00003178   Section        0  rred.o(i.__ieee754_rem_pio2)
    i.__kernel_cos                           0x000035b0   Section        0  cos_i.o(i.__kernel_cos)
    i.__kernel_poly                          0x00003720   Section        0  poly.o(i.__kernel_poly)
    i.__kernel_sin                           0x00003818   Section        0  sin_i.o(i.__kernel_sin)
    i.__mathlib_dbl_infnan                   0x00003948   Section        0  dunder.o(i.__mathlib_dbl_infnan)
    i.__mathlib_dbl_invalid                  0x00003960   Section        0  dunder.o(i.__mathlib_dbl_invalid)
    i.__mathlib_dbl_underflow                0x00003980   Section        0  dunder.o(i.__mathlib_dbl_underflow)
    i._is_digit                              0x000039a0   Section        0  __printf_wp.o(i._is_digit)
    i.fabs                                   0x000039ae   Section        0  fabs.o(i.fabs)
    locale$$code                             0x000039c8   Section       44  lc_numeric_c.o(locale$$code)
    locale$$code                             0x000039f4   Section       44  lc_ctype_c.o(locale$$code)
    $v0                                      0x00003a20   Number         0  basic.o(x$fpl$basic)
    x$fpl$basic                              0x00003a20   Section       24  basic.o(x$fpl$basic)
    $v0                                      0x00003a38   Number         0  d2f.o(x$fpl$d2f)
    x$fpl$d2f                                0x00003a38   Section       98  d2f.o(x$fpl$d2f)
    $v0                                      0x00003a9c   Number         0  daddsub_clz.o(x$fpl$dadd)
    x$fpl$dadd                               0x00003a9c   Section      336  daddsub_clz.o(x$fpl$dadd)
    _dadd1                                   0x00003aad   Thumb Code     0  daddsub_clz.o(x$fpl$dadd)
    $v0                                      0x00003bec   Number         0  dcmpi.o(x$fpl$dcmpinf)
    x$fpl$dcmpinf                            0x00003bec   Section       24  dcmpi.o(x$fpl$dcmpinf)
    $v0                                      0x00003c04   Number         0  ddiv.o(x$fpl$ddiv)
    x$fpl$ddiv                               0x00003c04   Section      696  ddiv.o(x$fpl$ddiv)
    ddiv_entry                               0x00003c0b   Thumb Code     0  ddiv.o(x$fpl$ddiv)
    $v0                                      0x00003ebc   Number         0  deqf.o(x$fpl$deqf)
    x$fpl$deqf                               0x00003ebc   Section      120  deqf.o(x$fpl$deqf)
    $v0                                      0x00003f34   Number         0  dfix.o(x$fpl$dfix)
    x$fpl$dfix                               0x00003f34   Section       94  dfix.o(x$fpl$dfix)
    $v0                                      0x00003f92   Number         0  dflt_clz.o(x$fpl$dflt)
    x$fpl$dflt                               0x00003f92   Section       46  dflt_clz.o(x$fpl$dflt)
    $v0                                      0x00003fc0   Number         0  dflt_clz.o(x$fpl$dfltu)
    x$fpl$dfltu                              0x00003fc0   Section       38  dflt_clz.o(x$fpl$dfltu)
    $v0                                      0x00003fe8   Number         0  dgeqf.o(x$fpl$dgeqf)
    x$fpl$dgeqf                              0x00003fe8   Section      120  dgeqf.o(x$fpl$dgeqf)
    $v0                                      0x00004060   Number         0  dleqf.o(x$fpl$dleqf)
    x$fpl$dleqf                              0x00004060   Section      120  dleqf.o(x$fpl$dleqf)
    $v0                                      0x000040d8   Number         0  dmul.o(x$fpl$dmul)
    x$fpl$dmul                               0x000040d8   Section      340  dmul.o(x$fpl$dmul)
    $v0                                      0x0000422c   Number         0  dnaninf.o(x$fpl$dnaninf)
    x$fpl$dnaninf                            0x0000422c   Section      156  dnaninf.o(x$fpl$dnaninf)
    $v0                                      0x000042c8   Number         0  dretinf.o(x$fpl$dretinf)
    x$fpl$dretinf                            0x000042c8   Section       12  dretinf.o(x$fpl$dretinf)
    $v0                                      0x000042d4   Number         0  daddsub_clz.o(x$fpl$drsb)
    x$fpl$drsb                               0x000042d4   Section       22  daddsub_clz.o(x$fpl$drsb)
    $v0                                      0x000042ec   Number         0  daddsub_clz.o(x$fpl$dsub)
    x$fpl$dsub                               0x000042ec   Section      476  daddsub_clz.o(x$fpl$dsub)
    _dsub1                                   0x000042fd   Thumb Code     0  daddsub_clz.o(x$fpl$dsub)
    $v0                                      0x000044c8   Number         0  f2d.o(x$fpl$f2d)
    x$fpl$f2d                                0x000044c8   Section       86  f2d.o(x$fpl$f2d)
    $v0                                      0x0000451e   Number         0  dcmp.o(x$fpl$fcmp)
    x$fpl$fcmp                               0x0000451e   Section       84  dcmp.o(x$fpl$fcmp)
    $v0                                      0x00004572   Number         0  fnaninf.o(x$fpl$fnaninf)
    x$fpl$fnaninf                            0x00004572   Section      140  fnaninf.o(x$fpl$fnaninf)
    $v0                                      0x000045fe   Number         0  fpinit.o(x$fpl$fpinit)
    x$fpl$fpinit                             0x000045fe   Section       26  fpinit.o(x$fpl$fpinit)
    $v0                                      0x00004618   Number         0  fretinf.o(x$fpl$fretinf)
    x$fpl$fretinf                            0x00004618   Section       10  fretinf.o(x$fpl$fretinf)
    $v0                                      0x00004622   Number         0  printf1.o(x$fpl$printf1)
    x$fpl$printf1                            0x00004622   Section        4  printf1.o(x$fpl$printf1)
    $v0                                      0x00004626   Number         0  printf2.o(x$fpl$printf2)
    x$fpl$printf2                            0x00004626   Section        4  printf2.o(x$fpl$printf2)
    x$fpl$usenofp                            0x0000462a   Section        0  usenofp.o(x$fpl$usenofp)
    initial_mbstate                          0x0000462c   Data           8  _printf_wctomb.o(.constdata)
    .constdata                               0x0000462c   Section        8  _printf_wctomb.o(.constdata)
    uc_hextab                                0x00004634   Data          20  _printf_hex_int_ll_ptr.o(.constdata)
    .constdata                               0x00004634   Section       40  _printf_hex_int_ll_ptr.o(.constdata)
    lc_hextab                                0x00004648   Data          20  _printf_hex_int_ll_ptr.o(.constdata)
    maptable                                 0x0000465c   Data          17  __printf_flags_ss_wp.o(.constdata)
    .constdata                               0x0000465c   Section       17  __printf_flags_ss_wp.o(.constdata)
    C                                        0x00004670   Data          48  cos_i.o(.constdata)
    .constdata                               0x00004670   Section       48  cos_i.o(.constdata)
    pio2s                                    0x000046a0   Data          48  rred.o(.constdata)
    .constdata                               0x000046a0   Section      204  rred.o(.constdata)
    twooverpi                                0x000046d0   Data         156  rred.o(.constdata)
    S                                        0x00004770   Data          40  sin_i.o(.constdata)
    .constdata                               0x00004770   Section       40  sin_i.o(.constdata)
    lc_hextab                                0x00004798   Data          19  _printf_fp_hex.o(.constdata)
    .constdata                               0x00004798   Section       38  _printf_fp_hex.o(.constdata)
    uc_hextab                                0x000047ab   Data          19  _printf_fp_hex.o(.constdata)
    tenpwrs_x                                0x000047c0   Data          60  bigflt0.o(.constdata)
    .constdata                               0x000047c0   Section      148  bigflt0.o(.constdata)
    tenpwrs_i                                0x000047fc   Data          64  bigflt0.o(.constdata)
    .L__const.GPIOJ_IRQHandler.half_step_sequence 0x000048b0   Data          32  2dx_studio_8c.o(.rodata.cst32)
    .L.str.5                                 0x000048d0   Data          19  2dx_studio_8c.o(.rodata.str1.1)
    [Anonymous Symbol]                       0x000048d0   Section        0  2dx_studio_8c.o(.rodata.str1.1)
    .L.str.2                                 0x000048e3   Data          33  2dx_studio_8c.o(.rodata.str1.1)
    .L.str.1                                 0x00004904   Data          17  2dx_studio_8c.o(.rodata.str1.1)
    .L.str.3                                 0x00004915   Data          31  2dx_studio_8c.o(.rodata.str1.1)
    .L.str.4                                 0x00004934   Data           3  2dx_studio_8c.o(.rodata.str1.1)
    .L.str                                   0x00004937   Data           5  2dx_studio_8c.o(.rodata.str1.1)
    locale$$data                             0x0000495c   Section       28  lc_numeric_c.o(locale$$data)
    __lcnum_c_name                           0x00004960   Data           2  lc_numeric_c.o(locale$$data)
    __lcnum_c_start                          0x00004968   Data           0  lc_numeric_c.o(locale$$data)
    __lcnum_c_point                          0x00004974   Data           0  lc_numeric_c.o(locale$$data)
    __lcnum_c_thousands                      0x00004976   Data           0  lc_numeric_c.o(locale$$data)
    __lcnum_c_grouping                       0x00004977   Data           0  lc_numeric_c.o(locale$$data)
    __lcnum_c_end                            0x00004978   Data           0  lc_numeric_c.o(locale$$data)
    locale$$data                             0x00004978   Section      272  lc_ctype_c.o(locale$$data)
    __lcctype_c_name                         0x0000497c   Data           2  lc_ctype_c.o(locale$$data)
    __lcctype_c_start                        0x00004984   Data           0  lc_ctype_c.o(locale$$data)
    __lcctype_c_end                          0x00004a88   Data           0  lc_ctype_c.o(locale$$data)
    .bss                                     0x20000008   Section       96  libspace.o(.bss)
    printf_buffer                            0x2000006c   Data        1023  2dx_studio_8c.o(.bss.printf_buffer)
    [Anonymous Symbol]                       0x2000006c   Section        0  2dx_studio_8c.o(.bss.printf_buffer)
    Heap_Mem                                 0x20000470   Data           0  startup_msp432e401y_uvision.o(HEAP)
    Stack_Mem                                0x20000470   Data         512  startup_msp432e401y_uvision.o(STACK)
    HEAP                                     0x20000470   Section        0  startup_msp432e401y_uvision.o(HEAP)
    STACK                                    0x20000470   Section      512  startup_msp432e401y_uvision.o(STACK)
    __initial_sp                             0x20000670   Data           0  startup_msp432e401y_uvision.o(STACK)

    Global Symbols

    Symbol Name                              Value     Ov Type        Size  Object(Section)

    BuildAttributes$$THM_ISAv4$E$P$D$K$B$S$7EM$VFPi3$EXTD16$VFPS$VFMA$PE$A:L22UL41UL21$X:L11$S22US41US21$IEEE1$IW$~IW$USESV6$~STKCKD$USESV7$~SHL$OTIME$ROPI$IEEEX$EBA8$UX$STANDARDLIB$REQ8$PRES8$EABIv2 0x00000000   Number         0  anon$$obj.o ABSOLUTE
    __Vectors                                0x00000000   Data           4  startup_msp432e401y_uvision.o(RESET)
    _printf_flags                            0x00000000   Number         0  printf_stubs.o ABSOLUTE
    _printf_return_value                     0x00000000   Number         0  printf_stubs.o ABSOLUTE
    _printf_sizespec                         0x00000000   Number         0  printf_stubs.o ABSOLUTE
    _printf_widthprec                        0x00000000   Number         0  printf_stubs.o ABSOLUTE
    __ARM_exceptions_init                     - Undefined Weak Reference
    __alloca_initialize                       - Undefined Weak Reference
    __arm_preinit_                            - Undefined Weak Reference
    __arm_relocate_pie_                       - Undefined Weak Reference
    __cpp_initialize__aeabi_                  - Undefined Weak Reference
    __cxa_finalize                            - Undefined Weak Reference
    __sigvec_lookup                           - Undefined Weak Reference
    _atexit_init                              - Undefined Weak Reference
    _call_atexit_fns                          - Undefined Weak Reference
    _clock_init                               - Undefined Weak Reference
    _fp_trap_init                             - Undefined Weak Reference
    _fp_trap_shutdown                         - Undefined Weak Reference
    _get_lc_collate                           - Undefined Weak Reference
    _get_lc_monetary                          - Undefined Weak Reference
    _get_lc_time                              - Undefined Weak Reference
    _getenv_init                              - Undefined Weak Reference
    _handle_redirection                       - Undefined Weak Reference
    _init_alloc                               - Undefined Weak Reference
    _init_user_alloc                          - Undefined Weak Reference
    _initio                                   - Undefined Weak Reference
    _printf_mbtowc                            - Undefined Weak Reference
    _printf_wc                                - Undefined Weak Reference
    _rand_init                                - Undefined Weak Reference
    _signal_finish                            - Undefined Weak Reference
    _signal_init                              - Undefined Weak Reference
    _terminate_alloc                          - Undefined Weak Reference
    _terminate_user_alloc                     - Undefined Weak Reference
    _terminateio                              - Undefined Weak Reference
    __Vectors_End                            0x000001fc   Data           0  startup_msp432e401y_uvision.o(RESET)
    __Vectors_Size                           0x000001fc   Number         0  startup_msp432e401y_uvision.o ABSOLUTE
    __main                                   0x000001fd   Thumb Code     8  __main.o(!!!main)
    __scatterload                            0x00000205   Thumb Code     0  __scatter.o(!!!scatter)
    __scatterload_rt2                        0x00000205   Thumb Code    84  __scatter.o(!!!scatter)
    __scatterload_rt2_thumb_only             0x00000205   Thumb Code     0  __scatter.o(!!!scatter)
    __scatterload_loop                       0x0000020f   Thumb Code     0  __scatter.o(!!!scatter)
    __scatterload_copy                       0x00000261   Thumb Code    26  __scatter_copy.o(!!handler_copy)
    __scatterload_null                       0x0000027d   Thumb Code     2  __scatter.o(!!handler_null)
    __scatterload_zeroinit                   0x00000281   Thumb Code    28  __scatter_zi.o(!!handler_zi)
    _printf_n                                0x0000029d   Thumb Code     0  _printf_n.o(.ARM.Collect$$_printf_percent$$00000001)
    _printf_percent                          0x0000029d   Thumb Code     0  _printf_percent.o(.ARM.Collect$$_printf_percent$$00000000)
    _printf_p                                0x000002a3   Thumb Code     0  _printf_p.o(.ARM.Collect$$_printf_percent$$00000002)
    _printf_f                                0x000002a9   Thumb Code     0  _printf_f.o(.ARM.Collect$$_printf_percent$$00000003)
    _printf_e                                0x000002af   Thumb Code     0  _printf_e.o(.ARM.Collect$$_printf_percent$$00000004)
    _printf_g                                0x000002b5   Thumb Code     0  _printf_g.o(.ARM.Collect$$_printf_percent$$00000005)
    _printf_a                                0x000002bb   Thumb Code     0  _printf_a.o(.ARM.Collect$$_printf_percent$$00000006)
    _printf_ll                               0x000002c1   Thumb Code     0  _printf_ll.o(.ARM.Collect$$_printf_percent$$00000007)
    _printf_i                                0x000002cb   Thumb Code     0  _printf_i.o(.ARM.Collect$$_printf_percent$$00000008)
    _printf_d                                0x000002d1   Thumb Code     0  _printf_d.o(.ARM.Collect$$_printf_percent$$00000009)
    _printf_u                                0x000002d7   Thumb Code     0  _printf_u.o(.ARM.Collect$$_printf_percent$$0000000A)
    _printf_o                                0x000002dd   Thumb Code     0  _printf_o.o(.ARM.Collect$$_printf_percent$$0000000B)
    _printf_x                                0x000002e3   Thumb Code     0  _printf_x.o(.ARM.Collect$$_printf_percent$$0000000C)
    _printf_lli                              0x000002e9   Thumb Code     0  _printf_lli.o(.ARM.Collect$$_printf_percent$$0000000D)
    _printf_lld                              0x000002ef   Thumb Code     0  _printf_lld.o(.ARM.Collect$$_printf_percent$$0000000E)
    _printf_llu                              0x000002f5   Thumb Code     0  _printf_llu.o(.ARM.Collect$$_printf_percent$$0000000F)
    _printf_llo                              0x000002fb   Thumb Code     0  _printf_llo.o(.ARM.Collect$$_printf_percent$$00000010)
    _printf_llx                              0x00000301   Thumb Code     0  _printf_llx.o(.ARM.Collect$$_printf_percent$$00000011)
    _printf_l                                0x00000307   Thumb Code     0  _printf_l.o(.ARM.Collect$$_printf_percent$$00000012)
    _printf_c                                0x00000311   Thumb Code     0  _printf_c.o(.ARM.Collect$$_printf_percent$$00000013)
    _printf_s                                0x00000317   Thumb Code     0  _printf_s.o(.ARM.Collect$$_printf_percent$$00000014)
    _printf_lc                               0x0000031d   Thumb Code     0  _printf_lc.o(.ARM.Collect$$_printf_percent$$00000015)
    _printf_ls                               0x00000323   Thumb Code     0  _printf_ls.o(.ARM.Collect$$_printf_percent$$00000016)
    _printf_percent_end                      0x00000329   Thumb Code     0  _printf_percent_end.o(.ARM.Collect$$_printf_percent$$00000017)
    __rt_lib_init                            0x0000032d   Thumb Code     0  libinit.o(.ARM.Collect$$libinit$$00000000)
    __rt_lib_init_fp_1                       0x0000032f   Thumb Code     0  libinit2.o(.ARM.Collect$$libinit$$00000001)
    __rt_lib_init_heap_1                     0x00000333   Thumb Code     0  libinit2.o(.ARM.Collect$$libinit$$0000000C)
    __rt_lib_init_lc_common                  0x00000333   Thumb Code     0  libinit2.o(.ARM.Collect$$libinit$$00000011)
    __rt_lib_init_preinit_1                  0x00000333   Thumb Code     0  libinit2.o(.ARM.Collect$$libinit$$00000006)
    __rt_lib_init_rand_1                     0x00000333   Thumb Code     0  libinit2.o(.ARM.Collect$$libinit$$00000010)
    __rt_lib_init_relocate_pie_1             0x00000333   Thumb Code     0  libinit2.o(.ARM.Collect$$libinit$$00000004)
    __rt_lib_init_user_alloc_1               0x00000333   Thumb Code     0  libinit2.o(.ARM.Collect$$libinit$$0000000E)
    __rt_lib_init_lc_collate_1               0x00000339   Thumb Code     0  libinit2.o(.ARM.Collect$$libinit$$00000013)
    __rt_lib_init_lc_ctype_2                 0x00000339   Thumb Code     0  libinit2.o(.ARM.Collect$$libinit$$00000014)
    __rt_lib_init_lc_ctype_1                 0x00000345   Thumb Code     0  libinit2.o(.ARM.Collect$$libinit$$00000015)
    __rt_lib_init_lc_monetary_1              0x00000345   Thumb Code     0  libinit2.o(.ARM.Collect$$libinit$$00000017)
    __rt_lib_init_lc_numeric_2               0x00000345   Thumb Code     0  libinit2.o(.ARM.Collect$$libinit$$00000018)
    __rt_lib_init_alloca_1                   0x0000034f   Thumb Code     0  libinit2.o(.ARM.Collect$$libinit$$00000030)
    __rt_lib_init_argv_1                     0x0000034f   Thumb Code     0  libinit2.o(.ARM.Collect$$libinit$$0000002E)
    __rt_lib_init_atexit_1                   0x0000034f   Thumb Code     0  libinit2.o(.ARM.Collect$$libinit$$0000001D)
    __rt_lib_init_clock_1                    0x0000034f   Thumb Code     0  libinit2.o(.ARM.Collect$$libinit$$00000023)
    __rt_lib_init_cpp_1                      0x0000034f   Thumb Code     0  libinit2.o(.ARM.Collect$$libinit$$00000034)
    __rt_lib_init_exceptions_1               0x0000034f   Thumb Code     0  libinit2.o(.ARM.Collect$$libinit$$00000032)
    __rt_lib_init_fp_trap_1                  0x0000034f   Thumb Code     0  libinit2.o(.ARM.Collect$$libinit$$00000021)
    __rt_lib_init_getenv_1                   0x0000034f   Thumb Code     0  libinit2.o(.ARM.Collect$$libinit$$00000025)
    __rt_lib_init_lc_numeric_1               0x0000034f   Thumb Code     0  libinit2.o(.ARM.Collect$$libinit$$00000019)
    __rt_lib_init_lc_time_1                  0x0000034f   Thumb Code     0  libinit2.o(.ARM.Collect$$libinit$$0000001B)
    __rt_lib_init_return                     0x0000034f   Thumb Code     0  libinit2.o(.ARM.Collect$$libinit$$00000035)
    __rt_lib_init_signal_1                   0x0000034f   Thumb Code     0  libinit2.o(.ARM.Collect$$libinit$$0000001F)
    __rt_lib_init_stdio_1                    0x0000034f   Thumb Code     0  libinit2.o(.ARM.Collect$$libinit$$00000027)
    __rt_lib_shutdown                        0x00000351   Thumb Code     0  libshutdown.o(.ARM.Collect$$libshutdown$$00000000)
    __rt_lib_shutdown_cpp_1                  0x00000353   Thumb Code     0  libshutdown2.o(.ARM.Collect$$libshutdown$$00000002)
    __rt_lib_shutdown_fp_trap_1              0x00000353   Thumb Code     0  libshutdown2.o(.ARM.Collect$$libshutdown$$00000007)
    __rt_lib_shutdown_heap_1                 0x00000353   Thumb Code     0  libshutdown2.o(.ARM.Collect$$libshutdown$$0000000F)
    __rt_lib_shutdown_return                 0x00000353   Thumb Code     0  libshutdown2.o(.ARM.Collect$$libshutdown$$00000010)
    __rt_lib_shutdown_signal_1               0x00000353   Thumb Code     0  libshutdown2.o(.ARM.Collect$$libshutdown$$0000000A)
    __rt_lib_shutdown_stdio_1                0x00000353   Thumb Code     0  libshutdown2.o(.ARM.Collect$$libshutdown$$00000004)
    __rt_lib_shutdown_user_alloc_1           0x00000353   Thumb Code     0  libshutdown2.o(.ARM.Collect$$libshutdown$$0000000C)
    __rt_entry                               0x00000355   Thumb Code     0  __rtentry.o(.ARM.Collect$$rtentry$$00000000)
    __rt_entry_presh_1                       0x00000355   Thumb Code     0  __rtentry2.o(.ARM.Collect$$rtentry$$00000002)
    __rt_entry_sh                            0x00000355   Thumb Code     0  __rtentry4.o(.ARM.Collect$$rtentry$$00000004)
    __rt_entry_li                            0x0000035b   Thumb Code     0  __rtentry2.o(.ARM.Collect$$rtentry$$0000000A)
    __rt_entry_postsh_1                      0x0000035b   Thumb Code     0  __rtentry2.o(.ARM.Collect$$rtentry$$00000009)
    __rt_entry_main                          0x0000035f   Thumb Code     0  __rtentry2.o(.ARM.Collect$$rtentry$$0000000D)
    __rt_entry_postli_1                      0x0000035f   Thumb Code     0  __rtentry2.o(.ARM.Collect$$rtentry$$0000000C)
    __rt_exit                                0x00000367   Thumb Code     0  rtexit.o(.ARM.Collect$$rtexit$$00000000)
    __rt_exit_ls                             0x00000369   Thumb Code     0  rtexit2.o(.ARM.Collect$$rtexit$$00000003)
    __rt_exit_prels_1                        0x00000369   Thumb Code     0  rtexit2.o(.ARM.Collect$$rtexit$$00000002)
    __rt_exit_exit                           0x0000036d   Thumb Code     0  rtexit2.o(.ARM.Collect$$rtexit$$00000004)
    Reset_Handler                            0x00000375   Thumb Code     8  startup_msp432e401y_uvision.o(.text)
    NMI_Handler                              0x0000037d   Thumb Code     2  startup_msp432e401y_uvision.o(.text)
    HardFault_Handler                        0x0000037f   Thumb Code     2  startup_msp432e401y_uvision.o(.text)
    MemManage_Handler                        0x00000381   Thumb Code     2  startup_msp432e401y_uvision.o(.text)
    BusFault_Handler                         0x00000383   Thumb Code     2  startup_msp432e401y_uvision.o(.text)
    UsageFault_Handler                       0x00000385   Thumb Code     2  startup_msp432e401y_uvision.o(.text)
    SVC_Handler                              0x00000387   Thumb Code     2  startup_msp432e401y_uvision.o(.text)
    DebugMon_Handler                         0x00000389   Thumb Code     2  startup_msp432e401y_uvision.o(.text)
    PendSV_Handler                           0x0000038b   Thumb Code     2  startup_msp432e401y_uvision.o(.text)
    SysTick_Handler                          0x0000038d   Thumb Code     2  startup_msp432e401y_uvision.o(.text)
    ADC0SS0_IRQHandler                       0x0000038f   Thumb Code     0  startup_msp432e401y_uvision.o(.text)
    ADC0SS1_IRQHandler                       0x0000038f   Thumb Code     0  startup_msp432e401y_uvision.o(.text)
    ADC0SS2_IRQHandler                       0x0000038f   Thumb Code     0  startup_msp432e401y_uvision.o(.text)
    ADC0SS3_IRQHandler                       0x0000038f   Thumb Code     0  startup_msp432e401y_uvision.o(.text)
    ADC1SS0_IRQHandler                       0x0000038f   Thumb Code     0  startup_msp432e401y_uvision.o(.text)
    ADC1SS1_IRQHandler                       0x0000038f   Thumb Code     0  startup_msp432e401y_uvision.o(.text)
    ADC1SS2_IRQHandler                       0x0000038f   Thumb Code     0  startup_msp432e401y_uvision.o(.text)
    ADC1SS3_IRQHandler                       0x0000038f   Thumb Code     0  startup_msp432e401y_uvision.o(.text)
    AES0_IRQHandler                          0x0000038f   Thumb Code     0  startup_msp432e401y_uvision.o(.text)
    CAN0_IRQHandler                          0x0000038f   Thumb Code     0  startup_msp432e401y_uvision.o(.text)
    CAN1_IRQHandler                          0x0000038f   Thumb Code     0  startup_msp432e401y_uvision.o(.text)
    COMP0_IRQHandler                         0x0000038f   Thumb Code     0  startup_msp432e401y_uvision.o(.text)
    COMP1_IRQHandler                         0x0000038f   Thumb Code     0  startup_msp432e401y_uvision.o(.text)
    COMP2_IRQHandler                         0x0000038f   Thumb Code     0  startup_msp432e401y_uvision.o(.text)
    DES0_IRQHandler                          0x0000038f   Thumb Code     0  startup_msp432e401y_uvision.o(.text)
    EMAC0_IRQHandler                         0x0000038f   Thumb Code     0  startup_msp432e401y_uvision.o(.text)
    EPI0_IRQHandler                          0x0000038f   Thumb Code     0  startup_msp432e401y_uvision.o(.text)
    FLASH_IRQHandler                         0x0000038f   Thumb Code     0  startup_msp432e401y_uvision.o(.text)
    GPIOA_IRQHandler                         0x0000038f   Thumb Code     0  startup_msp432e401y_uvision.o(.text)
    GPIOB_IRQHandler                         0x0000038f   Thumb Code     0  startup_msp432e401y_uvision.o(.text)
    GPIOC_IRQHandler                         0x0000038f   Thumb Code     0  startup_msp432e401y_uvision.o(.text)
    GPIOD_IRQHandler                         0x0000038f   Thumb Code     0  startup_msp432e401y_uvision.o(.text)
    GPIOE_IRQHandler                         0x0000038f   Thumb Code     0  startup_msp432e401y_uvision.o(.text)
    GPIOF_IRQHandler                         0x0000038f   Thumb Code     0  startup_msp432e401y_uvision.o(.text)
    GPIOG_IRQHandler                         0x0000038f   Thumb Code     0  startup_msp432e401y_uvision.o(.text)
    GPIOH_IRQHandler                         0x0000038f   Thumb Code     0  startup_msp432e401y_uvision.o(.text)
    GPIOK_IRQHandler                         0x0000038f   Thumb Code     0  startup_msp432e401y_uvision.o(.text)
    GPIOL_IRQHandler                         0x0000038f   Thumb Code     0  startup_msp432e401y_uvision.o(.text)
    GPIOM_IRQHandler                         0x0000038f   Thumb Code     0  startup_msp432e401y_uvision.o(.text)
    GPION_IRQHandler                         0x0000038f   Thumb Code     0  startup_msp432e401y_uvision.o(.text)
    GPIOP0_IRQHandler                        0x0000038f   Thumb Code     0  startup_msp432e401y_uvision.o(.text)
    GPIOP1_IRQHandler                        0x0000038f   Thumb Code     0  startup_msp432e401y_uvision.o(.text)
    GPIOP2_IRQHandler                        0x0000038f   Thumb Code     0  startup_msp432e401y_uvision.o(.text)
    GPIOP3_IRQHandler                        0x0000038f   Thumb Code     0  startup_msp432e401y_uvision.o(.text)
    GPIOP4_IRQHandler                        0x0000038f   Thumb Code     0  startup_msp432e401y_uvision.o(.text)
    GPIOP5_IRQHandler                        0x0000038f   Thumb Code     0  startup_msp432e401y_uvision.o(.text)
    GPIOP6_IRQHandler                        0x0000038f   Thumb Code     0  startup_msp432e401y_uvision.o(.text)
    GPIOP7_IRQHandler                        0x0000038f   Thumb Code     0  startup_msp432e401y_uvision.o(.text)
    GPIOQ0_IRQHandler                        0x0000038f   Thumb Code     0  startup_msp432e401y_uvision.o(.text)
    GPIOQ1_IRQHandler                        0x0000038f   Thumb Code     0  startup_msp432e401y_uvision.o(.text)
    GPIOQ2_IRQHandler                        0x0000038f   Thumb Code     0  startup_msp432e401y_uvision.o(.text)
    GPIOQ3_IRQHandler                        0x0000038f   Thumb Code     0  startup_msp432e401y_uvision.o(.text)
    GPIOQ4_IRQHandler                        0x0000038f   Thumb Code     0  startup_msp432e401y_uvision.o(.text)
    GPIOQ5_IRQHandler                        0x0000038f   Thumb Code     0  startup_msp432e401y_uvision.o(.text)
    GPIOQ6_IRQHandler                        0x0000038f   Thumb Code     0  startup_msp432e401y_uvision.o(.text)
    GPIOQ7_IRQHandler                        0x0000038f   Thumb Code     0  startup_msp432e401y_uvision.o(.text)
    HIBERNATE_IRQHandler                     0x0000038f   Thumb Code     0  startup_msp432e401y_uvision.o(.text)
    I2C0_IRQHandler                          0x0000038f   Thumb Code     0  startup_msp432e401y_uvision.o(.text)
    I2C1_IRQHandler                          0x0000038f   Thumb Code     0  startup_msp432e401y_uvision.o(.text)
    I2C2_IRQHandler                          0x0000038f   Thumb Code     0  startup_msp432e401y_uvision.o(.text)
    I2C3_IRQHandler                          0x0000038f   Thumb Code     0  startup_msp432e401y_uvision.o(.text)
    I2C4_IRQHandler                          0x0000038f   Thumb Code     0  startup_msp432e401y_uvision.o(.text)
    I2C5_IRQHandler                          0x0000038f   Thumb Code     0  startup_msp432e401y_uvision.o(.text)
    I2C6_IRQHandler                          0x0000038f   Thumb Code     0  startup_msp432e401y_uvision.o(.text)
    I2C7_IRQHandler                          0x0000038f   Thumb Code     0  startup_msp432e401y_uvision.o(.text)
    I2C8_IRQHandler                          0x0000038f   Thumb Code     0  startup_msp432e401y_uvision.o(.text)
    I2C9_IRQHandler                          0x0000038f   Thumb Code     0  startup_msp432e401y_uvision.o(.text)
    PWM0_0_IRQHandler                        0x0000038f   Thumb Code     0  startup_msp432e401y_uvision.o(.text)
    PWM0_1_IRQHandler                        0x0000038f   Thumb Code     0  startup_msp432e401y_uvision.o(.text)
    PWM0_2_IRQHandler                        0x0000038f   Thumb Code     0  startup_msp432e401y_uvision.o(.text)
    PWM0_3_IRQHandler                        0x0000038f   Thumb Code     0  startup_msp432e401y_uvision.o(.text)
    PWM0_FAULT_IRQHandler                    0x0000038f   Thumb Code     0  startup_msp432e401y_uvision.o(.text)
    QEI0_IRQHandler                          0x0000038f   Thumb Code     0  startup_msp432e401y_uvision.o(.text)
    SHA0_IRQHandler                          0x0000038f   Thumb Code     0  startup_msp432e401y_uvision.o(.text)
    SSI0_IRQHandler                          0x0000038f   Thumb Code     0  startup_msp432e401y_uvision.o(.text)
    SSI1_IRQHandler                          0x0000038f   Thumb Code     0  startup_msp432e401y_uvision.o(.text)
    SSI2_IRQHandler                          0x0000038f   Thumb Code     0  startup_msp432e401y_uvision.o(.text)
    SSI3_IRQHandler                          0x0000038f   Thumb Code     0  startup_msp432e401y_uvision.o(.text)
    SYSCTL_IRQHandler                        0x0000038f   Thumb Code     0  startup_msp432e401y_uvision.o(.text)
    SYSEXC_IRQHandler                        0x0000038f   Thumb Code     0  startup_msp432e401y_uvision.o(.text)
    TAMPER0_IRQHandler                       0x0000038f   Thumb Code     0  startup_msp432e401y_uvision.o(.text)
    TIMER0A_IRQHandler                       0x0000038f   Thumb Code     0  startup_msp432e401y_uvision.o(.text)
    TIMER0B_IRQHandler                       0x0000038f   Thumb Code     0  startup_msp432e401y_uvision.o(.text)
    TIMER1A_IRQHandler                       0x0000038f   Thumb Code     0  startup_msp432e401y_uvision.o(.text)
    TIMER1B_IRQHandler                       0x0000038f   Thumb Code     0  startup_msp432e401y_uvision.o(.text)
    TIMER2A_IRQHandler                       0x0000038f   Thumb Code     0  startup_msp432e401y_uvision.o(.text)
    TIMER2B_IRQHandler                       0x0000038f   Thumb Code     0  startup_msp432e401y_uvision.o(.text)
    TIMER3A_IRQHandler                       0x0000038f   Thumb Code     0  startup_msp432e401y_uvision.o(.text)
    TIMER3B_IRQHandler                       0x0000038f   Thumb Code     0  startup_msp432e401y_uvision.o(.text)
    TIMER4A_IRQHandler                       0x0000038f   Thumb Code     0  startup_msp432e401y_uvision.o(.text)
    TIMER4B_IRQHandler                       0x0000038f   Thumb Code     0  startup_msp432e401y_uvision.o(.text)
    TIMER5A_IRQHandler                       0x0000038f   Thumb Code     0  startup_msp432e401y_uvision.o(.text)
    TIMER5B_IRQHandler                       0x0000038f   Thumb Code     0  startup_msp432e401y_uvision.o(.text)
    TIMER6A_IRQHandler                       0x0000038f   Thumb Code     0  startup_msp432e401y_uvision.o(.text)
    TIMER6B_IRQHandler                       0x0000038f   Thumb Code     0  startup_msp432e401y_uvision.o(.text)
    TIMER7A_IRQHandler                       0x0000038f   Thumb Code     0  startup_msp432e401y_uvision.o(.text)
    TIMER7B_IRQHandler                       0x0000038f   Thumb Code     0  startup_msp432e401y_uvision.o(.text)
    UART0_IRQHandler                         0x0000038f   Thumb Code     0  startup_msp432e401y_uvision.o(.text)
    UART1_IRQHandler                         0x0000038f   Thumb Code     0  startup_msp432e401y_uvision.o(.text)
    UART2_IRQHandler                         0x0000038f   Thumb Code     0  startup_msp432e401y_uvision.o(.text)
    UART3_IRQHandler                         0x0000038f   Thumb Code     0  startup_msp432e401y_uvision.o(.text)
    UART4_IRQHandler                         0x0000038f   Thumb Code     0  startup_msp432e401y_uvision.o(.text)
    UART5_IRQHandler                         0x0000038f   Thumb Code     0  startup_msp432e401y_uvision.o(.text)
    UART6_IRQHandler                         0x0000038f   Thumb Code     0  startup_msp432e401y_uvision.o(.text)
    UART7_IRQHandler                         0x0000038f   Thumb Code     0  startup_msp432e401y_uvision.o(.text)
    UDMAERR_IRQHandler                       0x0000038f   Thumb Code     0  startup_msp432e401y_uvision.o(.text)
    UDMA_IRQHandler                          0x0000038f   Thumb Code     0  startup_msp432e401y_uvision.o(.text)
    USB0_IRQHandler                          0x0000038f   Thumb Code     0  startup_msp432e401y_uvision.o(.text)
    WATCHDOG_IRQHandler                      0x0000038f   Thumb Code     0  startup_msp432e401y_uvision.o(.text)
    __user_initial_stackheap                 0x00000391   Thumb Code    10  startup_msp432e401y_uvision.o(.text)
    sprintf                                  0x000003b1   Thumb Code    38  sprintf.o(.text)
    __use_two_region_memory                  0x000003dd   Thumb Code     2  heapauxi.o(.text)
    __rt_heap_escrow$2region                 0x000003df   Thumb Code     2  heapauxi.o(.text)
    __rt_heap_expand$2region                 0x000003e1   Thumb Code     2  heapauxi.o(.text)
    __read_errno                             0x000003e3   Thumb Code    10  _rserrno.o(.text)
    __set_errno                              0x000003ed   Thumb Code    12  _rserrno.o(.text)
    _printf_pre_padding                      0x000003f9   Thumb Code    44  _printf_pad.o(.text)
    _printf_post_padding                     0x00000425   Thumb Code    34  _printf_pad.o(.text)
    _printf_truncate_signed                  0x00000447   Thumb Code    18  _printf_truncate.o(.text)
    _printf_truncate_unsigned                0x00000459   Thumb Code    18  _printf_truncate.o(.text)
    _printf_str                              0x0000046b   Thumb Code    82  _printf_str.o(.text)
    _printf_int_dec                          0x000004bd   Thumb Code   104  _printf_dec.o(.text)
    _printf_charcount                        0x00000535   Thumb Code    40  _printf_charcount.o(.text)
    _printf_char_common                      0x00000567   Thumb Code    32  _printf_char_common.o(.text)
    _sputc                                   0x0000058d   Thumb Code    10  _sputc.o(.text)
    _printf_wctomb                           0x00000599   Thumb Code   182  _printf_wctomb.o(.text)
    _printf_longlong_dec                     0x00000655   Thumb Code   108  _printf_longlong_dec.o(.text)
    _printf_longlong_oct                     0x000006d1   Thumb Code    68  _printf_oct_int_ll.o(.text)
    _printf_int_oct                          0x00000715   Thumb Code    24  _printf_oct_int_ll.o(.text)
    _printf_ll_oct                           0x0000072d   Thumb Code    12  _printf_oct_int_ll.o(.text)
    _printf_longlong_hex                     0x00000741   Thumb Code    86  _printf_hex_int_ll_ptr.o(.text)
    _printf_int_hex                          0x00000797   Thumb Code    28  _printf_hex_int_ll_ptr.o(.text)
    _printf_ll_hex                           0x000007b3   Thumb Code    12  _printf_hex_int_ll_ptr.o(.text)
    _printf_hex_ptr                          0x000007bf   Thumb Code    18  _printf_hex_int_ll_ptr.o(.text)
    __printf                                 0x000007d5   Thumb Code   388  __printf_flags_ss_wp.o(.text)
    __aeabi_errno_addr                       0x0000095d   Thumb Code     8  rt_errno_addr_intlibspace.o(.text)
    __errno$intlibspace                      0x0000095d   Thumb Code     0  rt_errno_addr_intlibspace.o(.text)
    __rt_errno_addr$intlibspace              0x0000095d   Thumb Code     0  rt_errno_addr_intlibspace.o(.text)
    _ll_udiv10                               0x00000965   Thumb Code   138  lludiv10.o(.text)
    _printf_int_common                       0x000009ef   Thumb Code   178  _printf_intcommon.o(.text)
    _printf_fp_dec_real                      0x00000c51   Thumb Code   620  _printf_fp_dec.o(.text)
    _printf_fp_hex_real                      0x00000ebd   Thumb Code   756  _printf_fp_hex.o(.text)
    _printf_cs_common                        0x000011b9   Thumb Code    20  _printf_char.o(.text)
    _printf_char                             0x000011cd   Thumb Code    16  _printf_char.o(.text)
    _printf_string                           0x000011dd   Thumb Code     8  _printf_char.o(.text)
    _printf_lcs_common                       0x000011e5   Thumb Code    20  _printf_wchar.o(.text)
    _printf_wchar                            0x000011f9   Thumb Code    16  _printf_wchar.o(.text)
    _printf_wstring                          0x00001209   Thumb Code     8  _printf_wchar.o(.text)
    _c16rtomb                                0x00001211   Thumb Code    72  _c16rtomb.o(.text)
    _wcrtomb                                 0x00001211   Thumb Code     0  _c16rtomb.o(.text)
    __user_libspace                          0x00001259   Thumb Code     8  libspace.o(.text)
    __user_perproc_libspace                  0x00001259   Thumb Code     0  libspace.o(.text)
    __user_perthread_libspace                0x00001259   Thumb Code     0  libspace.o(.text)
    __user_setup_stackheap                   0x00001261   Thumb Code    74  sys_stackheap_outer.o(.text)
    __rt_ctype_table                         0x000012ad   Thumb Code    16  rt_ctype_table.o(.text)
    __rt_locale                              0x000012bd   Thumb Code     8  rt_locale_intlibspace.o(.text)
    _printf_fp_infnan                        0x000012c5   Thumb Code   112  _printf_fp_infnan.o(.text)
    _btod_etento                             0x00001345   Thumb Code   224  bigflt0.o(.text)
    exit                                     0x00001429   Thumb Code    18  exit.o(.text)
    strcmp                                   0x00001441   Thumb Code   124  strcmpv7em.o(.text)
    _sys_exit                                0x000014bd   Thumb Code     8  sys_exit.o(.text)
    __I$use$semihosting                      0x000014c9   Thumb Code     0  use_no_semi.o(.text)
    __use_no_semihosting_swi                 0x000014c9   Thumb Code     2  use_no_semi.o(.text)
    __semihosting_library_function           0x000014cb   Thumb Code     0  indicate_semi.o(.text)
    EnableInt                                0x000014cd   Thumb Code     4  2dx_studio_8c.o(.text.EnableInt)
    FlashAllLEDs                             0x000014d1   Thumb Code    78  onboardleds.o(.text.FlashAllLEDs)
    FlashI2CError                            0x00001521   Thumb Code     8  onboardleds.o(.text.FlashI2CError)
    FlashI2CRx                               0x00001529   Thumb Code     2  onboardleds.o(.text.FlashI2CRx)
    FlashI2CTx                               0x0000152d   Thumb Code     2  onboardleds.o(.text.FlashI2CTx)
    FlashLED3                                0x00001531   Thumb Code    66  onboardleds.o(.text.FlashLED3)
    FlashLED4                                0x00001575   Thumb Code    66  onboardleds.o(.text.FlashLED4)
    GPIOJ_IRQHandler                         0x000015b9   Thumb Code  1184  2dx_studio_8c.o(.text.GPIOJ_IRQHandler)
    I2C_Init                                 0x00001a6d   Thumb Code   148  2dx_studio_8c.o(.text.I2C_Init)
    OffLED1                                  0x00001b01   Thumb Code    18  onboardleds.o(.text.OffLED1)
    OnLED1                                   0x00001b15   Thumb Code    18  onboardleds.o(.text.OnLED1)
    PLL_Init                                 0x00001b29   Thumb Code   312  pll.o(.text.PLL_Init)
    PortH_Init                               0x00001c61   Thumb Code   104  2dx_studio_8c.o(.text.PortH_Init)
    PortJ_Init                               0x00001cc9   Thumb Code   112  2dx_studio_8c.o(.text.PortJ_Init)
    PortJ_Interrupt_Init                     0x00001d39   Thumb Code   124  2dx_studio_8c.o(.text.PortJ_Interrupt_Init)
    SysTick_Init                             0x00001db5   Thumb Code    42  systick.o(.text.SysTick_Init)
    SysTick_Wait                             0x00001de1   Thumb Code    54  systick.o(.text.SysTick_Wait)
    SysTick_Wait10ms                         0x00001e19   Thumb Code    48  systick.o(.text.SysTick_Wait10ms)
    SystemInit                               0x00001e49   Thumb Code    36  system_msp432e401y.o(.text.SystemInit)
    UART_Init                                0x00001e6d   Thumb Code   234  uart.o(.text.UART_Init)
    UART_OutChar                             0x00001f59   Thumb Code    46  uart.o(.text.UART_OutChar)
    UART_printf                              0x00001f89   Thumb Code    44  uart.o(.text.UART_printf)
    VL53L1X_BootState                        0x00001fb5   Thumb Code    54  vl53l1x_api.o(.text.VL53L1X_BootState)
    VL53L1X_CheckForDataReady                0x00001fed   Thumb Code   102  vl53l1x_api.o(.text.VL53L1X_CheckForDataReady)
    VL53L1X_ClearInterrupt                   0x00002055   Thumb Code    38  vl53l1x_api.o(.text.VL53L1X_ClearInterrupt)
    VL53L1X_GetDistance                      0x0000207d   Thumb Code    48  vl53l1x_api.o(.text.VL53L1X_GetDistance)
    VL53L1X_GetInterruptPolarity             0x000020ad   Thumb Code    70  vl53l1x_api.o(.text.VL53L1X_GetInterruptPolarity)
    VL53L1X_GetSensorId                      0x000020f5   Thumb Code    54  vl53l1x_api.o(.text.VL53L1X_GetSensorId)
    VL53L1X_SensorInit                       0x0000212d   Thumb Code   256  vl53l1x_api.o(.text.VL53L1X_SensorInit)
    VL53L1X_StartRanging                     0x0000222d   Thumb Code    38  vl53l1x_api.o(.text.VL53L1X_StartRanging)
    VL53L1X_StopRanging                      0x00002255   Thumb Code    36  vl53l1x_api.o(.text.VL53L1X_StopRanging)
    VL53L1_RdByte                            0x00002279   Thumb Code    50  vl53l1_platform_2dx4.o(.text.VL53L1_RdByte)
    VL53L1_RdWord                            0x000022ad   Thumb Code    76  vl53l1_platform_2dx4.o(.text.VL53L1_RdWord)
    VL53L1_WaitMs                            0x000022f9   Thumb Code    54  vl53l1_platform_2dx4.o(.text.VL53L1_WaitMs)
    VL53L1_WrByte                            0x00002331   Thumb Code    48  vl53l1_platform_2dx4.o(.text.VL53L1_WrByte)
    WaitForInt                               0x00002361   Thumb Code     4  2dx_studio_8c.o(.text.WaitForInt)
    beginRxI2C                               0x00002365   Thumb Code    36  vl53l1_platform_2dx4.o(.text.beginRxI2C)
    beginTxI2C                               0x00002389   Thumb Code    36  vl53l1_platform_2dx4.o(.text.beginTxI2C)
    main                                     0x000023ad   Thumb Code    52  2dx_studio_8c.o(.text.main)
    onboardLEDs_Init                         0x000023e1   Thumb Code   212  onboardleds.o(.text.onboardLEDs_Init)
    readI2C                                  0x000024b5   Thumb Code   122  vl53l1_platform_2dx4.o(.text.readI2C)
    writeI2C                                 0x00002531   Thumb Code   276  vl53l1_platform_2dx4.o(.text.writeI2C)
    writeRegisterIndex                       0x00002645   Thumb Code   240  vl53l1_platform_2dx4.o(.text.writeRegisterIndex)
    writeRegisterIndex_nostop                0x00002735   Thumb Code   240  vl53l1_platform_2dx4.o(.text.writeRegisterIndex_nostop)
    _btod_d2e                                0x00002825   Thumb Code    62  btod.o(CL$$btod_d2e)
    _d2e_denorm_low                          0x00002863   Thumb Code    70  btod.o(CL$$btod_d2e_denorm_low)
    _d2e_norm_op1                            0x000028a9   Thumb Code    96  btod.o(CL$$btod_d2e_norm_op1)
    __btod_div_common                        0x00002909   Thumb Code   696  btod.o(CL$$btod_div_common)
    _e2e                                     0x00002c41   Thumb Code   220  btod.o(CL$$btod_e2e)
    _btod_ediv                               0x00002d1d   Thumb Code    42  btod.o(CL$$btod_ediv)
    _btod_emul                               0x00002d47   Thumb Code    42  btod.o(CL$$btod_emul)
    __btod_mult_common                       0x00002d71   Thumb Code   580  btod.o(CL$$btod_mult_common)
    __ARM_fpclassify                         0x00002fb5   Thumb Code    48  fpclassify.o(i.__ARM_fpclassify)
    __hardfp_cos                             0x00002fe9   Thumb Code   180  cos.o(i.__hardfp_cos)
    __hardfp_sin                             0x000030b1   Thumb Code   180  sin.o(i.__hardfp_sin)
    __ieee754_rem_pio2                       0x00003179   Thumb Code   938  rred.o(i.__ieee754_rem_pio2)
    __kernel_cos                             0x000035b1   Thumb Code   322  cos_i.o(i.__kernel_cos)
    __kernel_poly                            0x00003721   Thumb Code   248  poly.o(i.__kernel_poly)
    __kernel_sin                             0x00003819   Thumb Code   280  sin_i.o(i.__kernel_sin)
    __mathlib_dbl_infnan                     0x00003949   Thumb Code    20  dunder.o(i.__mathlib_dbl_infnan)
    __mathlib_dbl_invalid                    0x00003961   Thumb Code    24  dunder.o(i.__mathlib_dbl_invalid)
    __mathlib_dbl_underflow                  0x00003981   Thumb Code    24  dunder.o(i.__mathlib_dbl_underflow)
    _is_digit                                0x000039a1   Thumb Code    14  __printf_wp.o(i._is_digit)
    fabs                                     0x000039af   Thumb Code    24  fabs.o(i.fabs)
    _get_lc_numeric                          0x000039c9   Thumb Code    44  lc_numeric_c.o(locale$$code)
    _get_lc_ctype                            0x000039f5   Thumb Code    44  lc_ctype_c.o(locale$$code)
    __aeabi_dneg                             0x00003a21   Thumb Code     0  basic.o(x$fpl$basic)
    _dneg                                    0x00003a21   Thumb Code     6  basic.o(x$fpl$basic)
    __aeabi_fneg                             0x00003a27   Thumb Code     0  basic.o(x$fpl$basic)
    _fneg                                    0x00003a27   Thumb Code     6  basic.o(x$fpl$basic)
    _dabs                                    0x00003a2d   Thumb Code     6  basic.o(x$fpl$basic)
    _fabs                                    0x00003a33   Thumb Code     6  basic.o(x$fpl$basic)
    __aeabi_d2f                              0x00003a39   Thumb Code     0  d2f.o(x$fpl$d2f)
    _d2f                                     0x00003a39   Thumb Code    98  d2f.o(x$fpl$d2f)
    __aeabi_dadd                             0x00003a9d   Thumb Code     0  daddsub_clz.o(x$fpl$dadd)
    _dadd                                    0x00003a9d   Thumb Code   332  daddsub_clz.o(x$fpl$dadd)
    __fpl_dcmp_Inf                           0x00003bed   Thumb Code    24  dcmpi.o(x$fpl$dcmpinf)
    __aeabi_ddiv                             0x00003c05   Thumb Code     0  ddiv.o(x$fpl$ddiv)
    _ddiv                                    0x00003c05   Thumb Code   560  ddiv.o(x$fpl$ddiv)
    __aeabi_cdcmpeq                          0x00003ebd   Thumb Code     0  deqf.o(x$fpl$deqf)
    _dcmpeq                                  0x00003ebd   Thumb Code   120  deqf.o(x$fpl$deqf)
    __aeabi_d2iz                             0x00003f35   Thumb Code     0  dfix.o(x$fpl$dfix)
    _dfix                                    0x00003f35   Thumb Code    94  dfix.o(x$fpl$dfix)
    __aeabi_i2d                              0x00003f93   Thumb Code     0  dflt_clz.o(x$fpl$dflt)
    _dflt                                    0x00003f93   Thumb Code    46  dflt_clz.o(x$fpl$dflt)
    __aeabi_ui2d                             0x00003fc1   Thumb Code     0  dflt_clz.o(x$fpl$dfltu)
    _dfltu                                   0x00003fc1   Thumb Code    38  dflt_clz.o(x$fpl$dfltu)
    __aeabi_cdcmpge                          0x00003fe9   Thumb Code     0  dgeqf.o(x$fpl$dgeqf)
    _dcmpge                                  0x00003fe9   Thumb Code   120  dgeqf.o(x$fpl$dgeqf)
    __aeabi_cdcmple                          0x00004061   Thumb Code     0  dleqf.o(x$fpl$dleqf)
    _dcmple                                  0x00004061   Thumb Code   120  dleqf.o(x$fpl$dleqf)
    __fpl_dcmple_InfNaN                      0x000040c3   Thumb Code     0  dleqf.o(x$fpl$dleqf)
    __aeabi_dmul                             0x000040d9   Thumb Code     0  dmul.o(x$fpl$dmul)
    _dmul                                    0x000040d9   Thumb Code   332  dmul.o(x$fpl$dmul)
    __fpl_dnaninf                            0x0000422d   Thumb Code   156  dnaninf.o(x$fpl$dnaninf)
    __fpl_dretinf                            0x000042c9   Thumb Code    12  dretinf.o(x$fpl$dretinf)
    __aeabi_drsub                            0x000042d5   Thumb Code     0  daddsub_clz.o(x$fpl$drsb)
    _drsb                                    0x000042d5   Thumb Code    22  daddsub_clz.o(x$fpl$drsb)
    __aeabi_dsub                             0x000042ed   Thumb Code     0  daddsub_clz.o(x$fpl$dsub)
    _dsub                                    0x000042ed   Thumb Code   472  daddsub_clz.o(x$fpl$dsub)
    __aeabi_f2d                              0x000044c9   Thumb Code     0  f2d.o(x$fpl$f2d)
    _f2d                                     0x000044c9   Thumb Code    86  f2d.o(x$fpl$f2d)
    __aeabi_dcmpeq                           0x0000451f   Thumb Code     0  dcmp.o(x$fpl$fcmp)
    _deq                                     0x0000451f   Thumb Code    14  dcmp.o(x$fpl$fcmp)
    _dneq                                    0x0000452d   Thumb Code    14  dcmp.o(x$fpl$fcmp)
    __aeabi_dcmpgt                           0x0000453b   Thumb Code     0  dcmp.o(x$fpl$fcmp)
    _dgr                                     0x0000453b   Thumb Code    14  dcmp.o(x$fpl$fcmp)
    __aeabi_dcmpge                           0x00004549   Thumb Code     0  dcmp.o(x$fpl$fcmp)
    _dgeq                                    0x00004549   Thumb Code    14  dcmp.o(x$fpl$fcmp)
    __aeabi_dcmple                           0x00004557   Thumb Code     0  dcmp.o(x$fpl$fcmp)
    _dleq                                    0x00004557   Thumb Code    14  dcmp.o(x$fpl$fcmp)
    __aeabi_dcmplt                           0x00004565   Thumb Code     0  dcmp.o(x$fpl$fcmp)
    _dls                                     0x00004565   Thumb Code    14  dcmp.o(x$fpl$fcmp)
    __fpl_fnaninf                            0x00004573   Thumb Code   140  fnaninf.o(x$fpl$fnaninf)
    _fp_init                                 0x000045ff   Thumb Code    26  fpinit.o(x$fpl$fpinit)
    __fplib_config_fpu_vfp                   0x00004617   Thumb Code     0  fpinit.o(x$fpl$fpinit)
    __fplib_config_pureend_doubles           0x00004617   Thumb Code     0  fpinit.o(x$fpl$fpinit)
    __fpl_fretinf                            0x00004619   Thumb Code    10  fretinf.o(x$fpl$fretinf)
    _printf_fp_dec                           0x00004623   Thumb Code     4  printf1.o(x$fpl$printf1)
    _printf_fp_hex                           0x00004627   Thumb Code     4  printf2.o(x$fpl$printf2)
    __I$use$fp                               0x0000462a   Number         0  usenofp.o(x$fpl$usenofp)
    VL51L1X_DEFAULT_CONFIGURATION            0x00004854   Data          91  vl53l1x_api.o(.rodata.VL51L1X_DEFAULT_CONFIGURATION)
    Region$$Table$$Base                      0x0000493c   Number         0  anon$$obj.o(Region$$Table)
    Region$$Table$$Limit                     0x0000495c   Number         0  anon$$obj.o(Region$$Table)
    __ctype                                  0x00004985   Data           0  lc_ctype_c.o(locale$$data)
    SystemCoreClock                          0x20000000   Data           4  system_msp432e401y.o(.data.SystemCoreClock)
    dev                                      0x20000004   Data           2  2dx_studio_8c.o(.data.dev)
    __libspace_start                         0x20000008   Data          96  libspace.o(.bss)
    FallingEdges                             0x20000068   Data           4  2dx_studio_8c.o(.bss.FallingEdges)
    __temporary_stack_top$libspace           0x20000068   Data           0  libspace.o(.bss)
    status                                   0x2000046c   Data           4  2dx_studio_8c.o(.bss.status)



==============================================================================

Memory Map of the image

  Image Entry point : 0x00000375

  Load Region LR_1 (Base: 0x00000000, Size: 0x00004a90, Max: 0xffffffff, ABSOLUTE)

    Execution Region ER_RO (Exec base: 0x00000000, Load base: 0x00000000, Size: 0x00004a88, Max: 0xffffffff, ABSOLUTE)

    Exec Addr    Load Addr    Size         Type   Attr      Idx    E Section Name        Object

    0x00000000   0x00000000   0x000001fc   Data   RO          242    RESET               startup_msp432e401y_uvision.o
    0x000001fc   0x000001fc   0x00000008   Code   RO          267  * !!!main             c_w.l(__main.o)
    0x00000204   0x00000204   0x0000005c   Code   RO          706    !!!scatter          c_w.l(__scatter.o)
    0x00000260   0x00000260   0x0000001a   Code   RO          710    !!handler_copy      c_w.l(__scatter_copy.o)
    0x0000027a   0x0000027a   0x00000002   PAD
    0x0000027c   0x0000027c   0x00000002   Code   RO          707    !!handler_null      c_w.l(__scatter.o)
    0x0000027e   0x0000027e   0x00000002   PAD
    0x00000280   0x00000280   0x0000001c   Code   RO          712    !!handler_zi        c_w.l(__scatter_zi.o)
    0x0000029c   0x0000029c   0x00000000   Code   RO          391    .ARM.Collect$$_printf_percent$$00000000  c_w.l(_printf_percent.o)
    0x0000029c   0x0000029c   0x00000006   Code   RO          380    .ARM.Collect$$_printf_percent$$00000001  c_w.l(_printf_n.o)
    0x000002a2   0x000002a2   0x00000006   Code   RO          382    .ARM.Collect$$_printf_percent$$00000002  c_w.l(_printf_p.o)
    0x000002a8   0x000002a8   0x00000006   Code   RO          387    .ARM.Collect$$_printf_percent$$00000003  c_w.l(_printf_f.o)
    0x000002ae   0x000002ae   0x00000006   Code   RO          388    .ARM.Collect$$_printf_percent$$00000004  c_w.l(_printf_e.o)
    0x000002b4   0x000002b4   0x00000006   Code   RO          389    .ARM.Collect$$_printf_percent$$00000005  c_w.l(_printf_g.o)
    0x000002ba   0x000002ba   0x00000006   Code   RO          390    .ARM.Collect$$_printf_percent$$00000006  c_w.l(_printf_a.o)
    0x000002c0   0x000002c0   0x0000000a   Code   RO          395    .ARM.Collect$$_printf_percent$$00000007  c_w.l(_printf_ll.o)
    0x000002ca   0x000002ca   0x00000006   Code   RO          384    .ARM.Collect$$_printf_percent$$00000008  c_w.l(_printf_i.o)
    0x000002d0   0x000002d0   0x00000006   Code   RO          385    .ARM.Collect$$_printf_percent$$00000009  c_w.l(_printf_d.o)
    0x000002d6   0x000002d6   0x00000006   Code   RO          386    .ARM.Collect$$_printf_percent$$0000000A  c_w.l(_printf_u.o)
    0x000002dc   0x000002dc   0x00000006   Code   RO          383    .ARM.Collect$$_printf_percent$$0000000B  c_w.l(_printf_o.o)
    0x000002e2   0x000002e2   0x00000006   Code   RO          381    .ARM.Collect$$_printf_percent$$0000000C  c_w.l(_printf_x.o)
    0x000002e8   0x000002e8   0x00000006   Code   RO          392    .ARM.Collect$$_printf_percent$$0000000D  c_w.l(_printf_lli.o)
    0x000002ee   0x000002ee   0x00000006   Code   RO          393    .ARM.Collect$$_printf_percent$$0000000E  c_w.l(_printf_lld.o)
    0x000002f4   0x000002f4   0x00000006   Code   RO          394    .ARM.Collect$$_printf_percent$$0000000F  c_w.l(_printf_llu.o)
    0x000002fa   0x000002fa   0x00000006   Code   RO          399    .ARM.Collect$$_printf_percent$$00000010  c_w.l(_printf_llo.o)
    0x00000300   0x00000300   0x00000006   Code   RO          400    .ARM.Collect$$_printf_percent$$00000011  c_w.l(_printf_llx.o)
    0x00000306   0x00000306   0x0000000a   Code   RO          396    .ARM.Collect$$_printf_percent$$00000012  c_w.l(_printf_l.o)
    0x00000310   0x00000310   0x00000006   Code   RO          378    .ARM.Collect$$_printf_percent$$00000013  c_w.l(_printf_c.o)
    0x00000316   0x00000316   0x00000006   Code   RO          379    .ARM.Collect$$_printf_percent$$00000014  c_w.l(_printf_s.o)
    0x0000031c   0x0000031c   0x00000006   Code   RO          397    .ARM.Collect$$_printf_percent$$00000015  c_w.l(_printf_lc.o)
    0x00000322   0x00000322   0x00000006   Code   RO          398    .ARM.Collect$$_printf_percent$$00000016  c_w.l(_printf_ls.o)
    0x00000328   0x00000328   0x00000004   Code   RO          488    .ARM.Collect$$_printf_percent$$00000017  c_w.l(_printf_percent_end.o)
    0x0000032c   0x0000032c   0x00000002   Code   RO          560    .ARM.Collect$$libinit$$00000000  c_w.l(libinit.o)
    0x0000032e   0x0000032e   0x00000004   Code   RO          572    .ARM.Collect$$libinit$$00000001  c_w.l(libinit2.o)
    0x00000332   0x00000332   0x00000000   Code   RO          575    .ARM.Collect$$libinit$$00000004  c_w.l(libinit2.o)
    0x00000332   0x00000332   0x00000000   Code   RO          577    .ARM.Collect$$libinit$$00000006  c_w.l(libinit2.o)
    0x00000332   0x00000332   0x00000000   Code   RO          580    .ARM.Collect$$libinit$$0000000C  c_w.l(libinit2.o)
    0x00000332   0x00000332   0x00000000   Code   RO          582    .ARM.Collect$$libinit$$0000000E  c_w.l(libinit2.o)
    0x00000332   0x00000332   0x00000000   Code   RO          584    .ARM.Collect$$libinit$$00000010  c_w.l(libinit2.o)
    0x00000332   0x00000332   0x00000006   Code   RO          585    .ARM.Collect$$libinit$$00000011  c_w.l(libinit2.o)
    0x00000338   0x00000338   0x00000000   Code   RO          587    .ARM.Collect$$libinit$$00000013  c_w.l(libinit2.o)
    0x00000338   0x00000338   0x0000000c   Code   RO          588    .ARM.Collect$$libinit$$00000014  c_w.l(libinit2.o)
    0x00000344   0x00000344   0x00000000   Code   RO          589    .ARM.Collect$$libinit$$00000015  c_w.l(libinit2.o)
    0x00000344   0x00000344   0x00000000   Code   RO          591    .ARM.Collect$$libinit$$00000017  c_w.l(libinit2.o)
    0x00000344   0x00000344   0x0000000a   Code   RO          592    .ARM.Collect$$libinit$$00000018  c_w.l(libinit2.o)
    0x0000034e   0x0000034e   0x00000000   Code   RO          593    .ARM.Collect$$libinit$$00000019  c_w.l(libinit2.o)
    0x0000034e   0x0000034e   0x00000000   Code   RO          595    .ARM.Collect$$libinit$$0000001B  c_w.l(libinit2.o)
    0x0000034e   0x0000034e   0x00000000   Code   RO          597    .ARM.Collect$$libinit$$0000001D  c_w.l(libinit2.o)
    0x0000034e   0x0000034e   0x00000000   Code   RO          599    .ARM.Collect$$libinit$$0000001F  c_w.l(libinit2.o)
    0x0000034e   0x0000034e   0x00000000   Code   RO          601    .ARM.Collect$$libinit$$00000021  c_w.l(libinit2.o)
    0x0000034e   0x0000034e   0x00000000   Code   RO          603    .ARM.Collect$$libinit$$00000023  c_w.l(libinit2.o)
    0x0000034e   0x0000034e   0x00000000   Code   RO          605    .ARM.Collect$$libinit$$00000025  c_w.l(libinit2.o)
    0x0000034e   0x0000034e   0x00000000   Code   RO          607    .ARM.Collect$$libinit$$00000027  c_w.l(libinit2.o)
    0x0000034e   0x0000034e   0x00000000   Code   RO          611    .ARM.Collect$$libinit$$0000002E  c_w.l(libinit2.o)
    0x0000034e   0x0000034e   0x00000000   Code   RO          613    .ARM.Collect$$libinit$$00000030  c_w.l(libinit2.o)
    0x0000034e   0x0000034e   0x00000000   Code   RO          615    .ARM.Collect$$libinit$$00000032  c_w.l(libinit2.o)
    0x0000034e   0x0000034e   0x00000000   Code   RO          617    .ARM.Collect$$libinit$$00000034  c_w.l(libinit2.o)
    0x0000034e   0x0000034e   0x00000002   Code   RO          618    .ARM.Collect$$libinit$$00000035  c_w.l(libinit2.o)
    0x00000350   0x00000350   0x00000002   Code   RO          642    .ARM.Collect$$libshutdown$$00000000  c_w.l(libshutdown.o)
    0x00000352   0x00000352   0x00000000   Code   RO          657    .ARM.Collect$$libshutdown$$00000002  c_w.l(libshutdown2.o)
    0x00000352   0x00000352   0x00000000   Code   RO          659    .ARM.Collect$$libshutdown$$00000004  c_w.l(libshutdown2.o)
    0x00000352   0x00000352   0x00000000   Code   RO          662    .ARM.Collect$$libshutdown$$00000007  c_w.l(libshutdown2.o)
    0x00000352   0x00000352   0x00000000   Code   RO          665    .ARM.Collect$$libshutdown$$0000000A  c_w.l(libshutdown2.o)
    0x00000352   0x00000352   0x00000000   Code   RO          667    .ARM.Collect$$libshutdown$$0000000C  c_w.l(libshutdown2.o)
    0x00000352   0x00000352   0x00000000   Code   RO          670    .ARM.Collect$$libshutdown$$0000000F  c_w.l(libshutdown2.o)
    0x00000352   0x00000352   0x00000002   Code   RO          671    .ARM.Collect$$libshutdown$$00000010  c_w.l(libshutdown2.o)
    0x00000354   0x00000354   0x00000000   Code   RO          307    .ARM.Collect$$rtentry$$00000000  c_w.l(__rtentry.o)
    0x00000354   0x00000354   0x00000000   Code   RO          452    .ARM.Collect$$rtentry$$00000002  c_w.l(__rtentry2.o)
    0x00000354   0x00000354   0x00000006   Code   RO          464    .ARM.Collect$$rtentry$$00000004  c_w.l(__rtentry4.o)
    0x0000035a   0x0000035a   0x00000000   Code   RO          454    .ARM.Collect$$rtentry$$00000009  c_w.l(__rtentry2.o)
    0x0000035a   0x0000035a   0x00000004   Code   RO          455    .ARM.Collect$$rtentry$$0000000A  c_w.l(__rtentry2.o)
    0x0000035e   0x0000035e   0x00000000   Code   RO          457    .ARM.Collect$$rtentry$$0000000C  c_w.l(__rtentry2.o)
    0x0000035e   0x0000035e   0x00000008   Code   RO          458    .ARM.Collect$$rtentry$$0000000D  c_w.l(__rtentry2.o)
    0x00000366   0x00000366   0x00000002   Code   RO          563    .ARM.Collect$$rtexit$$00000000  c_w.l(rtexit.o)
    0x00000368   0x00000368   0x00000000   Code   RO          620    .ARM.Collect$$rtexit$$00000002  c_w.l(rtexit2.o)
    0x00000368   0x00000368   0x00000004   Code   RO          621    .ARM.Collect$$rtexit$$00000003  c_w.l(rtexit2.o)
    0x0000036c   0x0000036c   0x00000006   Code   RO          622    .ARM.Collect$$rtexit$$00000004  c_w.l(rtexit2.o)
    0x00000372   0x00000372   0x00000002   PAD
    0x00000374   0x00000374   0x0000003c   Code   RO          243  * .text               startup_msp432e401y_uvision.o
    0x000003b0   0x000003b0   0x0000002c   Code   RO          263    .text               c_w.l(sprintf.o)
    0x000003dc   0x000003dc   0x00000006   Code   RO          265    .text               c_w.l(heapauxi.o)
    0x000003e2   0x000003e2   0x00000016   Code   RO          308    .text               c_w.l(_rserrno.o)
    0x000003f8   0x000003f8   0x0000004e   Code   RO          312    .text               c_w.l(_printf_pad.o)
    0x00000446   0x00000446   0x00000024   Code   RO          314    .text               c_w.l(_printf_truncate.o)
    0x0000046a   0x0000046a   0x00000052   Code   RO          316    .text               c_w.l(_printf_str.o)
    0x000004bc   0x000004bc   0x00000078   Code   RO          318    .text               c_w.l(_printf_dec.o)
    0x00000534   0x00000534   0x00000028   Code   RO          320    .text               c_w.l(_printf_charcount.o)
    0x0000055c   0x0000055c   0x00000030   Code   RO          322    .text               c_w.l(_printf_char_common.o)
    0x0000058c   0x0000058c   0x0000000a   Code   RO          324    .text               c_w.l(_sputc.o)
    0x00000596   0x00000596   0x00000002   PAD
    0x00000598   0x00000598   0x000000bc   Code   RO          326    .text               c_w.l(_printf_wctomb.o)
    0x00000654   0x00000654   0x0000007c   Code   RO          329    .text               c_w.l(_printf_longlong_dec.o)
    0x000006d0   0x000006d0   0x00000070   Code   RO          335    .text               c_w.l(_printf_oct_int_ll.o)
    0x00000740   0x00000740   0x00000094   Code   RO          355    .text               c_w.l(_printf_hex_int_ll_ptr.o)
    0x000007d4   0x000007d4   0x00000188   Code   RO          375    .text               c_w.l(__printf_flags_ss_wp.o)
    0x0000095c   0x0000095c   0x00000008   Code   RO          469    .text               c_w.l(rt_errno_addr_intlibspace.o)
    0x00000964   0x00000964   0x0000008a   Code   RO          471    .text               c_w.l(lludiv10.o)
    0x000009ee   0x000009ee   0x000000b2   Code   RO          473    .text               c_w.l(_printf_intcommon.o)
    0x00000aa0   0x00000aa0   0x0000041c   Code   RO          475    .text               c_w.l(_printf_fp_dec.o)
    0x00000ebc   0x00000ebc   0x000002fc   Code   RO          479    .text               c_w.l(_printf_fp_hex.o)
    0x000011b8   0x000011b8   0x0000002c   Code   RO          484    .text               c_w.l(_printf_char.o)
    0x000011e4   0x000011e4   0x0000002c   Code   RO          486    .text               c_w.l(_printf_wchar.o)
    0x00001210   0x00001210   0x00000048   Code   RO          489    .text               c_w.l(_c16rtomb.o)
    0x00001258   0x00001258   0x00000008   Code   RO          509    .text               c_w.l(libspace.o)
    0x00001260   0x00001260   0x0000004a   Code   RO          512    .text               c_w.l(sys_stackheap_outer.o)
    0x000012aa   0x000012aa   0x00000002   PAD
    0x000012ac   0x000012ac   0x00000010   Code   RO          514    .text               c_w.l(rt_ctype_table.o)
    0x000012bc   0x000012bc   0x00000008   Code   RO          519    .text               c_w.l(rt_locale_intlibspace.o)
    0x000012c4   0x000012c4   0x00000080   Code   RO          521    .text               c_w.l(_printf_fp_infnan.o)
    0x00001344   0x00001344   0x000000e4   Code   RO          523    .text               c_w.l(bigflt0.o)
    0x00001428   0x00001428   0x00000012   Code   RO          553    .text               c_w.l(exit.o)
    0x0000143a   0x0000143a   0x00000006   PAD
    0x00001440   0x00001440   0x0000007c   Code   RO          570    .text               c_w.l(strcmpv7em.o)
    0x000014bc   0x000014bc   0x0000000c   Code   RO          632    .text               c_w.l(sys_exit.o)
    0x000014c8   0x000014c8   0x00000002   Code   RO          647    .text               c_w.l(use_no_semi.o)
    0x000014ca   0x000014ca   0x00000000   Code   RO          649    .text               c_w.l(indicate_semi.o)
    0x000014ca   0x000014ca   0x00000002   PAD
    0x000014cc   0x000014cc   0x00000004   Code   RO          208    .text.EnableInt     2dx_studio_8c.o
    0x000014d0   0x000014d0   0x0000004e   Code   RO          168    .text.FlashAllLEDs  onboardleds.o
    0x0000151e   0x0000151e   0x00000002   PAD
    0x00001520   0x00001520   0x00000008   Code   RO          174    .text.FlashI2CError  onboardleds.o
    0x00001528   0x00001528   0x00000002   Code   RO          172    .text.FlashI2CRx    onboardleds.o
    0x0000152a   0x0000152a   0x00000002   PAD
    0x0000152c   0x0000152c   0x00000002   Code   RO          170    .text.FlashI2CTx    onboardleds.o
    0x0000152e   0x0000152e   0x00000002   PAD
    0x00001530   0x00001530   0x00000042   Code   RO          164    .text.FlashLED3     onboardleds.o
    0x00001572   0x00001572   0x00000002   PAD
    0x00001574   0x00001574   0x00000042   Code   RO          166    .text.FlashLED4     onboardleds.o
    0x000015b6   0x000015b6   0x00000002   PAD
    0x000015b8   0x000015b8   0x000004b4   Code   RO          222    .text.GPIOJ_IRQHandler  2dx_studio_8c.o
    0x00001a6c   0x00001a6c   0x00000094   Code   RO          204    .text.I2C_Init      2dx_studio_8c.o
    0x00001b00   0x00001b00   0x00000012   Code   RO          158    .text.OffLED1       onboardleds.o
    0x00001b12   0x00001b12   0x00000002   PAD
    0x00001b14   0x00001b14   0x00000012   Code   RO          156    .text.OnLED1        onboardleds.o
    0x00001b26   0x00001b26   0x00000002   PAD
    0x00001b28   0x00001b28   0x00000138   Code   RO            2    .text.PLL_Init      pll.o
    0x00001c60   0x00001c60   0x00000068   Code   RO          216    .text.PortH_Init    2dx_studio_8c.o
    0x00001cc8   0x00001cc8   0x00000070   Code   RO          214    .text.PortJ_Init    2dx_studio_8c.o
    0x00001d38   0x00001d38   0x0000007c   Code   RO          218    .text.PortJ_Interrupt_Init  2dx_studio_8c.o
    0x00001db4   0x00001db4   0x0000002a   Code   RO           10    .text.SysTick_Init  systick.o
    0x00001dde   0x00001dde   0x00000002   PAD
    0x00001de0   0x00001de0   0x00000036   Code   RO           12    .text.SysTick_Wait  systick.o
    0x00001e16   0x00001e16   0x00000002   PAD
    0x00001e18   0x00001e18   0x00000030   Code   RO           14    .text.SysTick_Wait10ms  systick.o
    0x00001e48   0x00001e48   0x00000024   Code   RO          252    .text.SystemInit    system_msp432e401y.o
    0x00001e6c   0x00001e6c   0x000000ea   Code   RO          185    .text.UART_Init     uart.o
    0x00001f56   0x00001f56   0x00000002   PAD
    0x00001f58   0x00001f58   0x0000002e   Code   RO          189    .text.UART_OutChar  uart.o
    0x00001f86   0x00001f86   0x00000002   PAD
    0x00001f88   0x00001f88   0x0000002c   Code   RO          191    .text.UART_printf   uart.o
    0x00001fb4   0x00001fb4   0x00000036   Code   RO           91    .text.VL53L1X_BootState  vl53l1x_api.o
    0x00001fea   0x00001fea   0x00000002   PAD
    0x00001fec   0x00001fec   0x00000066   Code   RO           71    .text.VL53L1X_CheckForDataReady  vl53l1x_api.o
    0x00002052   0x00002052   0x00000002   PAD
    0x00002054   0x00002054   0x00000026   Code   RO           67    .text.VL53L1X_ClearInterrupt  vl53l1x_api.o
    0x0000207a   0x0000207a   0x00000002   PAD
    0x0000207c   0x0000207c   0x00000030   Code   RO           95    .text.VL53L1X_GetDistance  vl53l1x_api.o
    0x000020ac   0x000020ac   0x00000046   Code   RO           77    .text.VL53L1X_GetInterruptPolarity  vl53l1x_api.o
    0x000020f2   0x000020f2   0x00000002   PAD
    0x000020f4   0x000020f4   0x00000036   Code   RO           93    .text.VL53L1X_GetSensorId  vl53l1x_api.o
    0x0000212a   0x0000212a   0x00000002   PAD
    0x0000212c   0x0000212c   0x00000100   Code   RO           65    .text.VL53L1X_SensorInit  vl53l1x_api.o
    0x0000222c   0x0000222c   0x00000026   Code   RO           69    .text.VL53L1X_StartRanging  vl53l1x_api.o
    0x00002252   0x00002252   0x00000002   PAD
    0x00002254   0x00002254   0x00000024   Code   RO           73    .text.VL53L1X_StopRanging  vl53l1x_api.o
    0x00002278   0x00002278   0x00000032   Code   RO           45    .text.VL53L1_RdByte  vl53l1_platform_2dx4.o
    0x000022aa   0x000022aa   0x00000002   PAD
    0x000022ac   0x000022ac   0x0000004c   Code   RO           47    .text.VL53L1_RdWord  vl53l1_platform_2dx4.o
    0x000022f8   0x000022f8   0x00000036   Code   RO           51    .text.VL53L1_WaitMs  vl53l1_platform_2dx4.o
    0x0000232e   0x0000232e   0x00000002   PAD
    0x00002330   0x00002330   0x00000030   Code   RO           39    .text.VL53L1_WrByte  vl53l1_platform_2dx4.o
    0x00002360   0x00002360   0x00000004   Code   RO          212    .text.WaitForInt    2dx_studio_8c.o
    0x00002364   0x00002364   0x00000024   Code   RO           25    .text.beginRxI2C    vl53l1_platform_2dx4.o
    0x00002388   0x00002388   0x00000024   Code   RO           23    .text.beginTxI2C    vl53l1_platform_2dx4.o
    0x000023ac   0x000023ac   0x00000034   Code   RO          224    .text.main          2dx_studio_8c.o
    0x000023e0   0x000023e0   0x000000d4   Code   RO          176    .text.onboardLEDs_Init  onboardleds.o
    0x000024b4   0x000024b4   0x0000007a   Code   RO           33    .text.readI2C       vl53l1_platform_2dx4.o
    0x0000252e   0x0000252e   0x00000002   PAD
    0x00002530   0x00002530   0x00000114   Code   RO           31    .text.writeI2C      vl53l1_platform_2dx4.o
    0x00002644   0x00002644   0x000000f0   Code   RO           27    .text.writeRegisterIndex  vl53l1_platform_2dx4.o
    0x00002734   0x00002734   0x000000f0   Code   RO           29    .text.writeRegisterIndex_nostop  vl53l1_platform_2dx4.o
    0x00002824   0x00002824   0x0000003e   Code   RO          526    CL$$btod_d2e        c_w.l(btod.o)
    0x00002862   0x00002862   0x00000046   Code   RO          528    CL$$btod_d2e_denorm_low  c_w.l(btod.o)
    0x000028a8   0x000028a8   0x00000060   Code   RO          527    CL$$btod_d2e_norm_op1  c_w.l(btod.o)
    0x00002908   0x00002908   0x00000338   Code   RO          536    CL$$btod_div_common  c_w.l(btod.o)
    0x00002c40   0x00002c40   0x000000dc   Code   RO          533    CL$$btod_e2e        c_w.l(btod.o)
    0x00002d1c   0x00002d1c   0x0000002a   Code   RO          530    CL$$btod_ediv       c_w.l(btod.o)
    0x00002d46   0x00002d46   0x0000002a   Code   RO          529    CL$$btod_emul       c_w.l(btod.o)
    0x00002d70   0x00002d70   0x00000244   Code   RO          535    CL$$btod_mult_common  c_w.l(btod.o)
    0x00002fb4   0x00002fb4   0x00000030   Code   RO          505    i.__ARM_fpclassify  m_wm.l(fpclassify.o)
    0x00002fe4   0x00002fe4   0x00000004   PAD
    0x00002fe8   0x00002fe8   0x000000c8   Code   RO          295    i.__hardfp_cos      m_wm.l(cos.o)
    0x000030b0   0x000030b0   0x000000c8   Code   RO          301    i.__hardfp_sin      m_wm.l(sin.o)
    0x00003178   0x00003178   0x00000438   Code   RO          443    i.__ieee754_rem_pio2  m_wm.l(rred.o)
    0x000035b0   0x000035b0   0x00000170   Code   RO          426    i.__kernel_cos      m_wm.l(cos_i.o)
    0x00003720   0x00003720   0x000000f8   Code   RO          507    i.__kernel_poly     m_wm.l(poly.o)
    0x00003818   0x00003818   0x00000130   Code   RO          448    i.__kernel_sin      m_wm.l(sin_i.o)
    0x00003948   0x00003948   0x00000014   Code   RO          430    i.__mathlib_dbl_infnan  m_wm.l(dunder.o)
    0x0000395c   0x0000395c   0x00000004   PAD
    0x00003960   0x00003960   0x00000020   Code   RO          432    i.__mathlib_dbl_invalid  m_wm.l(dunder.o)
    0x00003980   0x00003980   0x00000020   Code   RO          435    i.__mathlib_dbl_underflow  m_wm.l(dunder.o)
    0x000039a0   0x000039a0   0x0000000e   Code   RO          368    i._is_digit         c_w.l(__printf_wp.o)
    0x000039ae   0x000039ae   0x00000018   Code   RO          501    i.fabs              m_wm.l(fabs.o)
    0x000039c6   0x000039c6   0x00000002   PAD
    0x000039c8   0x000039c8   0x0000002c   Code   RO          551    locale$$code        c_w.l(lc_numeric_c.o)
    0x000039f4   0x000039f4   0x0000002c   Code   RO          568    locale$$code        c_w.l(lc_ctype_c.o)
    0x00003a20   0x00003a20   0x00000018   Code   RO          401    x$fpl$basic         fz_wm.l(basic.o)
    0x00003a38   0x00003a38   0x00000062   Code   RO          269    x$fpl$d2f           fz_wm.l(d2f.o)
    0x00003a9a   0x00003a9a   0x00000002   PAD
    0x00003a9c   0x00003a9c   0x00000150   Code   RO          491    x$fpl$dadd          fz_wm.l(daddsub_clz.o)
    0x00003bec   0x00003bec   0x00000018   Code   RO          497    x$fpl$dcmpinf       fz_wm.l(dcmpi.o)
    0x00003c04   0x00003c04   0x000002b8   Code   RO          274    x$fpl$ddiv          fz_wm.l(ddiv.o)
    0x00003ebc   0x00003ebc   0x00000078   Code   RO          403    x$fpl$deqf          fz_wm.l(deqf.o)
    0x00003f34   0x00003f34   0x0000005e   Code   RO          277    x$fpl$dfix          fz_wm.l(dfix.o)
    0x00003f92   0x00003f92   0x0000002e   Code   RO          286    x$fpl$dflt          fz_wm.l(dflt_clz.o)
    0x00003fc0   0x00003fc0   0x00000026   Code   RO          285    x$fpl$dfltu         fz_wm.l(dflt_clz.o)
    0x00003fe6   0x00003fe6   0x00000002   PAD
    0x00003fe8   0x00003fe8   0x00000078   Code   RO          405    x$fpl$dgeqf         fz_wm.l(dgeqf.o)
    0x00004060   0x00004060   0x00000078   Code   RO          407    x$fpl$dleqf         fz_wm.l(dleqf.o)
    0x000040d8   0x000040d8   0x00000154   Code   RO          291    x$fpl$dmul          fz_wm.l(dmul.o)
    0x0000422c   0x0000422c   0x0000009c   Code   RO          409    x$fpl$dnaninf       fz_wm.l(dnaninf.o)
    0x000042c8   0x000042c8   0x0000000c   Code   RO          411    x$fpl$dretinf       fz_wm.l(dretinf.o)
    0x000042d4   0x000042d4   0x00000016   Code   RO          492    x$fpl$drsb          fz_wm.l(daddsub_clz.o)
    0x000042ea   0x000042ea   0x00000002   PAD
    0x000042ec   0x000042ec   0x000001dc   Code   RO          493    x$fpl$dsub          fz_wm.l(daddsub_clz.o)
    0x000044c8   0x000044c8   0x00000056   Code   RO          293    x$fpl$f2d           fz_wm.l(f2d.o)
    0x0000451e   0x0000451e   0x00000054   Code   RO          271    x$fpl$fcmp          fz_wm.l(dcmp.o)
    0x00004572   0x00004572   0x0000008c   Code   RO          413    x$fpl$fnaninf       fz_wm.l(fnaninf.o)
    0x000045fe   0x000045fe   0x0000001a   Code   RO          630    x$fpl$fpinit        fz_wm.l(fpinit.o)
    0x00004618   0x00004618   0x0000000a   Code   RO          415    x$fpl$fretinf       fz_wm.l(fretinf.o)
    0x00004622   0x00004622   0x00000004   Code   RO          417    x$fpl$printf1       fz_wm.l(printf1.o)
    0x00004626   0x00004626   0x00000004   Code   RO          419    x$fpl$printf2       fz_wm.l(printf2.o)
    0x0000462a   0x0000462a   0x00000000   Code   RO          425    x$fpl$usenofp       fz_wm.l(usenofp.o)
    0x0000462a   0x0000462a   0x00000002   PAD
    0x0000462c   0x0000462c   0x00000008   Data   RO          327    .constdata          c_w.l(_printf_wctomb.o)
    0x00004634   0x00004634   0x00000028   Data   RO          356    .constdata          c_w.l(_printf_hex_int_ll_ptr.o)
    0x0000465c   0x0000465c   0x00000011   Data   RO          376    .constdata          c_w.l(__printf_flags_ss_wp.o)
    0x0000466d   0x0000466d   0x00000003   PAD
    0x00004670   0x00004670   0x00000030   Data   RO          427    .constdata          m_wm.l(cos_i.o)
    0x000046a0   0x000046a0   0x000000cc   Data   RO          445    .constdata          m_wm.l(rred.o)
    0x0000476c   0x0000476c   0x00000004   PAD
    0x00004770   0x00004770   0x00000028   Data   RO          449    .constdata          m_wm.l(sin_i.o)
    0x00004798   0x00004798   0x00000026   Data   RO          480    .constdata          c_w.l(_printf_fp_hex.o)
    0x000047be   0x000047be   0x00000002   PAD
    0x000047c0   0x000047c0   0x00000094   Data   RO          524    .constdata          c_w.l(bigflt0.o)
    0x00004854   0x00004854   0x0000005b   Data   RO          145    .rodata.VL51L1X_DEFAULT_CONFIGURATION  vl53l1x_api.o
    0x000048af   0x000048af   0x00000001   PAD
    0x000048b0   0x000048b0   0x00000020   Data   RO          232    .rodata.cst32       2dx_studio_8c.o
    0x000048d0   0x000048d0   0x0000006c   Data   RO          229    .rodata.str1.1      2dx_studio_8c.o
    0x0000493c   0x0000493c   0x00000020   Data   RO          705    Region$$Table       anon$$obj.o
    0x0000495c   0x0000495c   0x0000001c   Data   RO          550    locale$$data        c_w.l(lc_numeric_c.o)
    0x00004978   0x00004978   0x00000110   Data   RO          567    locale$$data        c_w.l(lc_ctype_c.o)


    Execution Region ER_RW (Exec base: 0x20000000, Load base: 0x00004a88, Size: 0x00000008, Max: 0xffffffff, ABSOLUTE)

    Exec Addr    Load Addr    Size         Type   Attr      Idx    E Section Name        Object

    0x20000000   0x00004a88   0x00000004   Data   RW          254    .data.SystemCoreClock  system_msp432e401y.o
    0x20000004   0x00004a8c   0x00000002   Data   RW          227    .data.dev           2dx_studio_8c.o


    Execution Region ER_ZI (Exec base: 0x20000008, Load base: 0x00004a90, Size: 0x00000668, Max: 0xffffffff, ABSOLUTE)

    Exec Addr    Load Addr    Size         Type   Attr      Idx    E Section Name        Object

    0x20000008        -       0x00000060   Zero   RW          510    .bss                c_w.l(libspace.o)
    0x20000068        -       0x00000004   Zero   RW          226    .bss.FallingEdges   2dx_studio_8c.o
    0x2000006c        -       0x000003ff   Zero   RW          231    .bss.printf_buffer  2dx_studio_8c.o
    0x2000046b   0x00004a90   0x00000001   PAD
    0x2000046c        -       0x00000004   Zero   RW          228    .bss.status         2dx_studio_8c.o
    0x20000470        -       0x00000000   Zero   RW          241    HEAP                startup_msp432e401y_uvision.o
    0x20000470        -       0x00000200   Zero   RW          240    STACK               startup_msp432e401y_uvision.o


==============================================================================

Image component sizes


      Code (inc. data)   RO Data    RW Data    ZI Data      Debug   Object Name

      1752         20        140          2       1031       3390   2dx_studio_8c.o
       470          0          0          0          0       1854   onboardleds.o
       312          0          0          0          0        766   pll.o
        60         22        508          0        512        964   startup_msp432e401y_uvision.o
        36          0          0          4          0       7351   system_msp432e401y.o
       144          0          0          0          0        944   systick.o
       324          0          0          0          0       1466   uart.o
      1178          0          0          0          0       4097   vl53l1_platform_2dx4.o
       696          0         91          0          0      11251   vl53l1x_api.o

    ----------------------------------------------------------------------
      5012         42        772          8       1544      32083   Object Totals
         0          0         32          0          0          0   (incl. Generated)
        40          0          1          2          1          0   (incl. Padding)

    ----------------------------------------------------------------------

      Code (inc. data)   RO Data    RW Data    ZI Data      Debug   Library Member Name

         8          0          0          0          0         68   __main.o
       392          4         17          0          0         92   __printf_flags_ss_wp.o
        14          0          0          0          0         68   __printf_wp.o
         0          0          0          0          0          0   __rtentry.o
        12          0          0          0          0          0   __rtentry2.o
         6          0          0          0          0          0   __rtentry4.o
        94          8          0          0          0          0   __scatter.o
        26          0          0          0          0          0   __scatter_copy.o
        28          0          0          0          0          0   __scatter_zi.o
        72          0          0          0          0         96   _c16rtomb.o
         6          0          0          0          0          0   _printf_a.o
         6          0          0          0          0          0   _printf_c.o
        44          0          0          0          0        108   _printf_char.o
        48          6          0          0          0         96   _printf_char_common.o
        40          0          0          0          0         68   _printf_charcount.o
         6          0          0          0          0          0   _printf_d.o
       120         16          0          0          0         92   _printf_dec.o
         6          0          0          0          0          0   _printf_e.o
         6          0          0          0          0          0   _printf_f.o
      1052          0          0          0          0        148   _printf_fp_dec.o
       764          8         38          0          0        100   _printf_fp_hex.o
       128         16          0          0          0         84   _printf_fp_infnan.o
         6          0          0          0          0          0   _printf_g.o
       148          4         40          0          0        160   _printf_hex_int_ll_ptr.o
         6          0          0          0          0          0   _printf_i.o
       178          0          0          0          0         88   _printf_intcommon.o
        10          0          0          0          0          0   _printf_l.o
         6          0          0          0          0          0   _printf_lc.o
        10          0          0          0          0          0   _printf_ll.o
         6          0          0          0          0          0   _printf_lld.o
         6          0          0          0          0          0   _printf_lli.o
         6          0          0          0          0          0   _printf_llo.o
         6          0          0          0          0          0   _printf_llu.o
         6          0          0          0          0          0   _printf_llx.o
       124         16          0          0          0         92   _printf_longlong_dec.o
         6          0          0          0          0          0   _printf_ls.o
         6          0          0          0          0          0   _printf_n.o
         6          0          0          0          0          0   _printf_o.o
       112          8          0          0          0        124   _printf_oct_int_ll.o
         6          0          0          0          0          0   _printf_p.o
        78          0          0          0          0        108   _printf_pad.o
         0          0          0          0          0          0   _printf_percent.o
         4          0          0          0          0          0   _printf_percent_end.o
         6          0          0          0          0          0   _printf_s.o
        82          0          0          0          0         80   _printf_str.o
        36          0          0          0          0         84   _printf_truncate.o
         6          0          0          0          0          0   _printf_u.o
        44          0          0          0          0        108   _printf_wchar.o
       188          6          8          0          0         92   _printf_wctomb.o
         6          0          0          0          0          0   _printf_x.o
        22          0          0          0          0        100   _rserrno.o
        10          0          0          0          0         68   _sputc.o
       228          4        148          0          0         96   bigflt0.o
      1936        128          0          0          0        668   btod.o
        18          0          0          0          0         80   exit.o
         6          0          0          0          0        152   heapauxi.o
         0          0          0          0          0          0   indicate_semi.o
        44         10        272          0          0         76   lc_ctype_c.o
        44         10         28          0          0         76   lc_numeric_c.o
         2          0          0          0          0          0   libinit.o
        34          0          0          0          0          0   libinit2.o
         2          0          0          0          0          0   libshutdown.o
         2          0          0          0          0          0   libshutdown2.o
         8          4          0          0         96         68   libspace.o
       138          0          0          0          0         80   lludiv10.o
        16          4          0          0          0         76   rt_ctype_table.o
         8          4          0          0          0         68   rt_errno_addr_intlibspace.o
         8          4          0          0          0         68   rt_locale_intlibspace.o
         2          0          0          0          0          0   rtexit.o
        10          0          0          0          0          0   rtexit2.o
        44          6          0          0          0         84   sprintf.o
       124          0          0          0          0         88   strcmpv7em.o
        12          4          0          0          0         68   sys_exit.o
        74          0          0          0          0         80   sys_stackheap_outer.o
         2          0          0          0          0         68   use_no_semi.o
        24          0          0          0          0        164   basic.o
        98          4          0          0          0        140   d2f.o
       834         16          0          0          0        516   daddsub_clz.o
        84          0          0          0          0        244   dcmp.o
        24          0          0          0          0        116   dcmpi.o
       696        140          0          0          0        264   ddiv.o
       120          4          0          0          0        140   deqf.o
        94          4          0          0          0        140   dfix.o
        84          0          0          0          0        232   dflt_clz.o
       120          4          0          0          0        140   dgeqf.o
       120          4          0          0          0        140   dleqf.o
       340         12          0          0          0        152   dmul.o
       156          4          0          0          0        140   dnaninf.o
        12          0          0          0          0        116   dretinf.o
        86          4          0          0          0        132   f2d.o
       140          4          0          0          0        132   fnaninf.o
        26          0          0          0          0        116   fpinit.o
        10          0          0          0          0        116   fretinf.o
         4          0          0          0          0        116   printf1.o
         4          0          0          0          0        116   printf2.o
         0          0          0          0          0          0   usenofp.o
       200         20          0          0          0        164   cos.o
       368         46         48          0          0        200   cos_i.o
        84         16          0          0          0        372   dunder.o
        24          0          0          0          0        124   fabs.o
        48          0          0          0          0        124   fpclassify.o
       248          0          0          0          0        152   poly.o
      1080        142        204          0          0        188   rred.o
       200         20          0          0          0        164   sin.o
       304         24         40          0          0        208   sin_i.o

    ----------------------------------------------------------------------
     12444        738        852          0         96       9088   Library Totals
        36          0          9          0          0          0   (incl. Padding)

    ----------------------------------------------------------------------

      Code (inc. data)   RO Data    RW Data    ZI Data      Debug   Library Name

      6776        270        551          0         96       4020   c_w.l
      3076        200          0          0          0       3372   fz_wm.l
      2556        268        292          0          0       1696   m_wm.l

    ----------------------------------------------------------------------
     12444        738        852          0         96       9088   Library Totals

    ----------------------------------------------------------------------

==============================================================================


      Code (inc. data)   RO Data    RW Data    ZI Data      Debug   

     17456        780       1624          8       1640      35767   Grand Totals
     17456        780       1624          8       1640      35767   ELF Image Totals
     17456        780       1624          8          0          0   ROM Totals

==============================================================================

    Total RO  Size (Code + RO Data)                19080 (  18.63kB)
    Total RW  Size (RW Data + ZI Data)              1648 (   1.61kB)
    Total ROM Size (Code + RO Data + RW Data)      19088 (  18.64kB)

==============================================================================

